Archive member included to satisfy reference by file (symbol)

c:/st/stm32cubeide_1.12.1/stm32cubeide/plugins/com.st.stm32cube.ide.mcu.externaltools.gnu-tools-for-stm32.10.3-2021.10.win32_1.0.200.202301161003/tools/bin/../lib/gcc/arm-none-eabi/10.3.1/../../../../arm-none-eabi/lib/thumb/v7-m/nofp\libc_nano.a(lib_a-errno.o)
                              ./Core/Src/syscalls.o (__errno)
c:/st/stm32cubeide_1.12.1/stm32cubeide/plugins/com.st.stm32cube.ide.mcu.externaltools.gnu-tools-for-stm32.10.3-2021.10.win32_1.0.200.202301161003/tools/bin/../lib/gcc/arm-none-eabi/10.3.1/../../../../arm-none-eabi/lib/thumb/v7-m/nofp\libc_nano.a(lib_a-exit.o)
                              c:/st/stm32cubeide_1.12.1/stm32cubeide/plugins/com.st.stm32cube.ide.mcu.externaltools.gnu-tools-for-stm32.10.3-2021.10.win32_1.0.200.202301161003/tools/bin/../lib/gcc/arm-none-eabi/10.3.1/../../../../arm-none-eabi/lib/thumb/v7-m/nofp/crt0.o (exit)
c:/st/stm32cubeide_1.12.1/stm32cubeide/plugins/com.st.stm32cube.ide.mcu.externaltools.gnu-tools-for-stm32.10.3-2021.10.win32_1.0.200.202301161003/tools/bin/../lib/gcc/arm-none-eabi/10.3.1/../../../../arm-none-eabi/lib/thumb/v7-m/nofp\libc_nano.a(lib_a-impure.o)
                              c:/st/stm32cubeide_1.12.1/stm32cubeide/plugins/com.st.stm32cube.ide.mcu.externaltools.gnu-tools-for-stm32.10.3-2021.10.win32_1.0.200.202301161003/tools/bin/../lib/gcc/arm-none-eabi/10.3.1/../../../../arm-none-eabi/lib/thumb/v7-m/nofp\libc_nano.a(lib_a-exit.o) (_global_impure_ptr)
c:/st/stm32cubeide_1.12.1/stm32cubeide/plugins/com.st.stm32cube.ide.mcu.externaltools.gnu-tools-for-stm32.10.3-2021.10.win32_1.0.200.202301161003/tools/bin/../lib/gcc/arm-none-eabi/10.3.1/../../../../arm-none-eabi/lib/thumb/v7-m/nofp\libc_nano.a(lib_a-init.o)
                              c:/st/stm32cubeide_1.12.1/stm32cubeide/plugins/com.st.stm32cube.ide.mcu.externaltools.gnu-tools-for-stm32.10.3-2021.10.win32_1.0.200.202301161003/tools/bin/../lib/gcc/arm-none-eabi/10.3.1/../../../../arm-none-eabi/lib/thumb/v7-m/nofp/crt0.o (__libc_init_array)
c:/st/stm32cubeide_1.12.1/stm32cubeide/plugins/com.st.stm32cube.ide.mcu.externaltools.gnu-tools-for-stm32.10.3-2021.10.win32_1.0.200.202301161003/tools/bin/../lib/gcc/arm-none-eabi/10.3.1/../../../../arm-none-eabi/lib/thumb/v7-m/nofp\libc_nano.a(lib_a-memcpy-stub.o)
                              ./Core/bsp/cli.o (memcpy)
c:/st/stm32cubeide_1.12.1/stm32cubeide/plugins/com.st.stm32cube.ide.mcu.externaltools.gnu-tools-for-stm32.10.3-2021.10.win32_1.0.200.202301161003/tools/bin/../lib/gcc/arm-none-eabi/10.3.1/../../../../arm-none-eabi/lib/thumb/v7-m/nofp\libc_nano.a(lib_a-memset.o)
                              c:/st/stm32cubeide_1.12.1/stm32cubeide/plugins/com.st.stm32cube.ide.mcu.externaltools.gnu-tools-for-stm32.10.3-2021.10.win32_1.0.200.202301161003/tools/bin/../lib/gcc/arm-none-eabi/10.3.1/../../../../arm-none-eabi/lib/thumb/v7-m/nofp/crt0.o (memset)
c:/st/stm32cubeide_1.12.1/stm32cubeide/plugins/com.st.stm32cube.ide.mcu.externaltools.gnu-tools-for-stm32.10.3-2021.10.win32_1.0.200.202301161003/tools/bin/../lib/gcc/arm-none-eabi/10.3.1/../../../../arm-none-eabi/lib/thumb/v7-m/nofp\libc_nano.a(lib_a-printf.o)
                              ./Core/bsp/task.o (printf)
c:/st/stm32cubeide_1.12.1/stm32cubeide/plugins/com.st.stm32cube.ide.mcu.externaltools.gnu-tools-for-stm32.10.3-2021.10.win32_1.0.200.202301161003/tools/bin/../lib/gcc/arm-none-eabi/10.3.1/../../../../arm-none-eabi/lib/thumb/v7-m/nofp\libc_nano.a(lib_a-strcmp.o)
                              ./Core/bsp/cli.o (strcmp)
c:/st/stm32cubeide_1.12.1/stm32cubeide/plugins/com.st.stm32cube.ide.mcu.externaltools.gnu-tools-for-stm32.10.3-2021.10.win32_1.0.200.202301161003/tools/bin/../lib/gcc/arm-none-eabi/10.3.1/../../../../arm-none-eabi/lib/thumb/v7-m/nofp\libc_nano.a(lib_a-strcpy.o)
                              ./Core/bsp/cli.o (strcpy)
c:/st/stm32cubeide_1.12.1/stm32cubeide/plugins/com.st.stm32cube.ide.mcu.externaltools.gnu-tools-for-stm32.10.3-2021.10.win32_1.0.200.202301161003/tools/bin/../lib/gcc/arm-none-eabi/10.3.1/../../../../arm-none-eabi/lib/thumb/v7-m/nofp\libc_nano.a(lib_a-strtod.o)
                              ./Core/bsp/cli.o (strtof)
c:/st/stm32cubeide_1.12.1/stm32cubeide/plugins/com.st.stm32cube.ide.mcu.externaltools.gnu-tools-for-stm32.10.3-2021.10.win32_1.0.200.202301161003/tools/bin/../lib/gcc/arm-none-eabi/10.3.1/../../../../arm-none-eabi/lib/thumb/v7-m/nofp\libc_nano.a(lib_a-strtok_r.o)
                              ./Core/bsp/cli.o (strtok_r)
c:/st/stm32cubeide_1.12.1/stm32cubeide/plugins/com.st.stm32cube.ide.mcu.externaltools.gnu-tools-for-stm32.10.3-2021.10.win32_1.0.200.202301161003/tools/bin/../lib/gcc/arm-none-eabi/10.3.1/../../../../arm-none-eabi/lib/thumb/v7-m/nofp\libc_nano.a(lib_a-strtoul.o)
                              ./Core/bsp/cli.o (strtoul)
[...]
Memory Configuration

Name             Origin             Length             Attributes
RAM              0x0000000020000000 0x000000000000c000 xrw
FLASH            0x0000000008000000 0x0000000000040000 xr
*default*        0x0000000000000000 0xffffffffffffffff

Linker script and memory map

LOAD c:/st/stm32cubeide_1.12.1/stm32cubeide/plugins/com.st.stm32cube.ide.mcu.externaltools.gnu-tools-for-stm32.10.3-2021.10.win32_1.0.200.202301161003/tools/bin/../lib/gcc/arm-none-eabi/10.3.1/thumb/v7-m/nofp/crti.o
LOAD c:/st/stm32cubeide_1.12.1/stm32cubeide/plugins/com.st.stm32cube.ide.mcu.externaltools.gnu-tools-for-stm32.10.3-2021.10.win32_1.0.200.202301161003/tools/bin/../lib/gcc/arm-none-eabi/10.3.1/thumb/v7-m/nofp/crtbegin.o
LOAD c:/st/stm32cubeide_1.12.1/stm32cubeide/plugins/com.st.stm32cube.ide.mcu.externaltools.gnu-tools-for-stm32.10.3-2021.10.win32_1.0.200.202301161003/tools/bin/../lib/gcc/arm-none-eabi/10.3.1/../../../../arm-none-eabi/lib/thumb/v7-m/nofp/crt0.o
LOAD ./Core/Src/adc.o
LOAD ./Core/Src/can.o
LOAD ./Core/Src/dac.o
LOAD ./Core/Src/dma.o
LOAD ./Core/Src/gpio.o
LOAD ./Core/Src/i2c.o
LOAD ./Core/Src/main.o
LOAD ./Core/Src/stm32f1xx_hal_msp.o
LOAD ./Core/Src/stm32f1xx_it.o
LOAD ./Core/Src/syscalls.o
LOAD ./Core/Src/sysmem.o
LOAD ./Core/Src/system_stm32f1xx.o
LOAD ./Core/Src/tim.o
LOAD ./Core/Src/usart.o
LOAD ./Core/Startup/startup_stm32f103vctx.o
LOAD ./Core/bsp/at24_eep.o
LOAD ./Core/bsp/bsp_adc.o
LOAD ./Core/bsp/bsp_pwm.o
LOAD ./Core/bsp/bsp_uart.o
LOAD ./Core/bsp/cli.o
LOAD ./Core/bsp/debug.o
LOAD ./Core/bsp/hw_config.o
LOAD ./Core/bsp/indicate.o
LOAD ./Core/bsp/keyscan.o
LOAD ./Core/bsp/motor.o
LOAD ./Core/bsp/qbuffer.o
LOAD ./Core/bsp/task.o
LOAD ./Core/bsp/util.o
LOAD ./Drivers/STM32F1xx_HAL_Driver/Src/stm32f1xx_hal.o
LOAD ./Drivers/STM32F1xx_HAL_Driver/Src/stm32f1xx_hal_adc.o
LOAD ./Drivers/STM32F1xx_HAL_Driver/Src/stm32f1xx_hal_adc_ex.o
LOAD ./Drivers/STM32F1xx_HAL_Driver/Src/stm32f1xx_hal_can.o
LOAD ./Drivers/STM32F1xx_HAL_Driver/Src/stm32f1xx_hal_cortex.o
LOAD ./Drivers/STM32F1xx_HAL_Driver/Src/stm32f1xx_hal_dac.o
LOAD ./Drivers/STM32F1xx_HAL_Driver/Src/stm32f1xx_hal_dac_ex.o
LOAD ./Drivers/STM32F1xx_HAL_Driver/Src/stm32f1xx_hal_dma.o
LOAD ./Drivers/STM32F1xx_HAL_Driver/Src/stm32f1xx_hal_exti.o
LOAD ./Drivers/STM32F1xx_HAL_Driver/Src/stm32f1xx_hal_flash.o
LOAD ./Drivers/STM32F1xx_HAL_Driver/Src/stm32f1xx_hal_flash_ex.o
LOAD ./Drivers/STM32F1xx_HAL_Driver/Src/stm32f1xx_hal_gpio.o
LOAD ./Drivers/STM32F1xx_HAL_Driver/Src/stm32f1xx_hal_gpio_ex.o
LOAD ./Drivers/STM32F1xx_HAL_Driver/Src/stm32f1xx_hal_i2c.o
LOAD ./Drivers/STM32F1xx_HAL_Driver/Src/stm32f1xx_hal_pwr.o
LOAD ./Drivers/STM32F1xx_HAL_Driver/Src/stm32f1xx_hal_rcc.o
LOAD ./Drivers/STM32F1xx_HAL_Driver/Src/stm32f1xx_hal_rcc_ex.o
LOAD ./Drivers/STM32F1xx_HAL_Driver/Src/stm32f1xx_hal_tim.o
LOAD ./Drivers/STM32F1xx_HAL_Driver/Src/stm32f1xx_hal_tim_ex.o
LOAD ./Drivers/STM32F1xx_HAL_Driver/Src/stm32f1xx_hal_uart.o
START GROUP
LOAD c:/st/stm32cubeide_1.12.1/stm32cubeide/plugins/com.st.stm32cube.ide.mcu.externaltools.gnu-tools-for-stm32.10.3-2021.10.win32_1.0.200.202301161003/tools/bin/../lib/gcc/arm-none-eabi/10.3.1/../../../../arm-none-eabi/lib/thumb/v7-m/nofp\libc_nano.a
LOAD c:/st/stm32cubeide_1.12.1/stm32cubeide/plugins/com.st.stm32cube.ide.mcu.externaltools.gnu-tools-for-stm32.10.3-2021.10.win32_1.0.200.202301161003/tools/bin/../lib/gcc/arm-none-eabi/10.3.1/../../../../arm-none-eabi/lib/thumb/v7-m/nofp\libm.a
END GROUP
START GROUP
LOAD c:/st/stm32cubeide_1.12.1/stm32cubeide/plugins/com.st.stm32cube.ide.mcu.externaltools.gnu-tools-for-stm32.10.3-2021.10.win32_1.0.200.202301161003/tools/bin/../lib/gcc/arm-none-eabi/10.3.1/thumb/v7-m/nofp\libgcc.a
LOAD c:/st/stm32cubeide_1.12.1/stm32cubeide/plugins/com.st.stm32cube.ide.mcu.externaltools.gnu-tools-for-stm32.10.3-2021.10.win32_1.0.200.202301161003/tools/bin/../lib/gcc/arm-none-eabi/10.3.1/../../../../arm-none-eabi/lib/thumb/v7-m/nofp\libc_nano.a
END GROUP
START GROUP
LOAD c:/st/stm32cubeide_1.12.1/stm32cubeide/plugins/com.st.stm32cube.ide.mcu.externaltools.gnu-tools-for-stm32.10.3-2021.10.win32_1.0.200.202301161003/tools/bin/../lib/gcc/arm-none-eabi/10.3.1/thumb/v7-m/nofp\libgcc.a
LOAD c:/st/stm32cubeide_1.12.1/stm32cubeide/plugins/com.st.stm32cube.ide.mcu.externaltools.gnu-tools-for-stm32.10.3-2021.10.win32_1.0.200.202301161003/tools/bin/../lib/gcc/arm-none-eabi/10.3.1/../../../../arm-none-eabi/lib/thumb/v7-m/nofp\libc_nano.a
LOAD c:/st/stm32cubeide_1.12.1/stm32cubeide/plugins/com.st.stm32cube.ide.mcu.externaltools.gnu-tools-for-stm32.10.3-2021.10.win32_1.0.200.202301161003/tools/bin/../lib/gcc/arm-none-eabi/10.3.1/../../../../arm-none-eabi/lib/thumb/v7-m/nofp\libnosys.a
END GROUP
START GROUP
LOAD c:/st/stm32cubeide_1.12.1/stm32cubeide/plugins/com.st.stm32cube.ide.mcu.externaltools.gnu-tools-for-stm32.10.3-2021.10.win32_1.0.200.202301161003/tools/bin/../lib/gcc/arm-none-eabi/10.3.1/thumb/v7-m/nofp\libgcc.a
LOAD c:/st/stm32cubeide_1.12.1/stm32cubeide/plugins/com.st.stm32cube.ide.mcu.externaltools.gnu-tools-for-stm32.10.3-2021.10.win32_1.0.200.202301161003/tools/bin/../lib/gcc/arm-none-eabi/10.3.1/../../../../arm-none-eabi/lib/thumb/v7-m/nofp\libc_nano.a
LOAD c:/st/stm32cubeide_1.12.1/stm32cubeide/plugins/com.st.stm32cube.ide.mcu.externaltools.gnu-tools-for-stm32.10.3-2021.10.win32_1.0.200.202301161003/tools/bin/../lib/gcc/arm-none-eabi/10.3.1/../../../../arm-none-eabi/lib/thumb/v7-m/nofp\libnosys.a
END GROUP
LOAD c:/st/stm32cubeide_1.12.1/stm32cubeide/plugins/com.st.stm32cube.ide.mcu.externaltools.gnu-tools-for-stm32.10.3-2021.10.win32_1.0.200.202301161003/tools/bin/../lib/gcc/arm-none-eabi/10.3.1/thumb/v7-m/nofp/crtend.o
LOAD c:/st/stm32cubeide_1.12.1/stm32cubeide/plugins/com.st.stm32cube.ide.mcu.externaltools.gnu-tools-for-stm32.10.3-2021.10.win32_1.0.200.202301161003/tools/bin/../lib/gcc/arm-none-eabi/10.3.1/thumb/v7-m/nofp/crtn.o
                0x000000002000c000                _estack = (ORIGIN (RAM) + LENGTH (RAM))
                0x0000000000000200                _Min_Heap_Size = 0x200
                0x0000000000000400                _Min_Stack_Size = 0x400

.isr_vector     0x0000000008000000      0x1e4
                0x0000000008000000                . = ALIGN (0x4)
 *(.isr_vector)
 .isr_vector    0x0000000008000000      0x1e4 ./Core/Startup/startup_stm32f103vctx.o
                0x0000000008000000                g_pfnVectors
                0x00000000080001e4                . = ALIGN (0x4)

.text           0x00000000080001e8    0x11a30
                0x00000000080001e8                . = ALIGN (0x4)
 *(.text)
 .text          0x00000000080001e8       0x40 c:/st/stm32cubeide_1.12.1/stm32cubeide/plugins/com.st.stm32cube.ide.mcu.externaltools.gnu-tools-for-stm32.10.3-2021.10.win32_1.0.200.202301161003/tools/bin/../lib/gcc/arm-none-eabi/10.3.1/thumb/v7-m/nofp/crtbegin.o
 .text          0x0000000008000228       0x14 c:/st/stm32cubeide_1.12.1/stm32cubeide/plugins/com.st.stm32cube.ide.mcu.externaltools.gnu-tools-for-stm32.10.3-2021.10.win32_1.0.200.202301161003/tools/bin/../lib/gcc/arm-none-eabi/10.3.1/../../../../arm-none-eabi/lib/thumb/v7-m/nofp\libc_nano.a(lib_a-strcmp.o)
                0x0000000008000228                strcmp
 .text          0x000000000800023c       0x10 c:/st/stm32cubeide_1.12.1/stm32cubeide/plugins/com.st.stm32cube.ide.mcu.externaltools.gnu-tools-for-stm32.10.3-2021.10.win32_1.0.200.202301161003/tools/bin/../lib/gcc/arm-none-eabi/10.3.1/../../../../arm-none-eabi/lib/thumb/v7-m/nofp\libc_nano.a(lib_a-strlen.o)
                0x000000000800023c                strlen
 .text          0x000000000800024c      0x378 c:/st/stm32cubeide_1.12.1/stm32cubeide/plugins/com.st.stm32cube.ide.mcu.externaltools.gnu-tools-for-stm32.10.3-2021.10.win32_1.0.200.202301161003/tools/bin/../lib/gcc/arm-none-eabi/10.3.1/thumb/v7-m/nofp\libgcc.a(_arm_addsubdf3.o)
                0x000000000800024c                __aeabi_drsub
                0x0000000008000254                __aeabi_dsub
                0x0000000008000254                __subdf3
                0x0000000008000258                __aeabi_dadd
                0x0000000008000258                __adddf3
                0x00000000080004d0                __floatunsidf
                0x00000000080004d0                __aeabi_ui2d
                0x00000000080004f0                __floatsidf
                0x00000000080004f0                __aeabi_i2d
                0x0000000008000514                __aeabi_f2d
                0x0000000008000514                __extendsfdf2
                0x0000000008000558                __floatundidf
                0x0000000008000558                __aeabi_ul2d
                0x0000000008000568                __floatdidf
                0x0000000008000568                __aeabi_l2d
 .text          0x00000000080005c4      0x424 c:/st/stm32cubeide_1.12.1/stm32cubeide/plugins/com.st.stm32cube.ide.mcu.externaltools.gnu-tools-for-stm32.10.3-2021.10.win32_1.0.200.202301161003/tools/bin/../lib/gcc/arm-none-eabi/10.3.1/thumb/v7-m/nofp\libgcc.a(_arm_muldivdf3.o)
                0x00000000080005c4                __aeabi_dmul
                0x00000000080005c4                __muldf3
                0x0000000008000818                __divdf3
                0x0000000008000818                __aeabi_ddiv
 .text          0x00000000080009e8      0x110 c:/st/stm32cubeide_1.12.1/stm32cubeide/plugins/com.st.stm32cube.ide.mcu.externaltools.gnu-tools-for-stm32.10.3-2021.10.win32_1.0.200.202301161003/tools/bin/../lib/gcc/arm-none-eabi/10.3.1/thumb/v7-m/nofp\libgcc.a(_arm_cmpdf2.o)
                0x00000000080009e8                __gtdf2
                0x00000000080009e8                __gedf2
                0x00000000080009f0                __ltdf2
                0x00000000080009f0                __ledf2
                0x00000000080009f8                __nedf2
                0x00000000080009f8                __eqdf2
                0x00000000080009f8                __cmpdf2
                0x0000000008000a74                __aeabi_cdrcmple
                0x0000000008000a84                __aeabi_cdcmpeq
                0x0000000008000a84                __aeabi_cdcmple
                0x0000000008000a94                __aeabi_dcmpeq
                0x0000000008000aa8                __aeabi_dcmplt
                0x0000000008000abc                __aeabi_dcmple
                0x0000000008000ad0                __aeabi_dcmpge
                0x0000000008000ae4                __aeabi_dcmpgt
 .text          0x0000000008000af8       0x2c c:/st/stm32cubeide_1.12.1/stm32cubeide/plugins/com.st.stm32cube.ide.mcu.externaltools.gnu-tools-for-stm32.10.3-2021.10.win32_1.0.200.202301161003/tools/bin/../lib/gcc/arm-none-eabi/10.3.1/thumb/v7-m/nofp\libgcc.a(_arm_unorddf2.o)
                0x0000000008000af8                __unorddf2
                0x0000000008000af8                __aeabi_dcmpun
 .text          0x0000000008000b24       0x40 c:/st/stm32cubeide_1.12.1/stm32cubeide/plugins/com.st.stm32cube.ide.mcu.externaltools.gnu-tools-for-stm32.10.3-2021.10.win32_1.0.200.202301161003/tools/bin/../lib/gcc/arm-none-eabi/10.3.1/thumb/v7-m/nofp\libgcc.a(_arm_fixunsdfsi.o)
                0x0000000008000b24                __aeabi_d2uiz
                0x0000000008000b24                __fixunsdfsi
 .text          0x0000000008000b64       0xa0 c:/st/stm32cubeide_1.12.1/stm32cubeide/plugins/com.st.stm32cube.ide.mcu.externaltools.gnu-tools-for-stm32.10.3-2021.10.win32_1.0.200.202301161003/tools/bin/../lib/gcc/arm-none-eabi/10.3.1/thumb/v7-m/nofp\libgcc.a(_arm_truncdfsf2.o)
                0x0000000008000b64                __truncdfsf2
                0x0000000008000b64                __aeabi_d2f
 .text          0x0000000008000c04      0x21c c:/st/stm32cubeide_1.12.1/stm32cubeide/plugins/com.st.stm32cube.ide.mcu.externaltools.gnu-tools-for-stm32.10.3-2021.10.win32_1.0.200.202301161003/tools/bin/../lib/gcc/arm-none-eabi/10.3.1/thumb/v7-m/nofp\libgcc.a(_arm_addsubsf3.o)
                0x0000000008000c04                __aeabi_frsub
                0x0000000008000c0c                __subsf3
                0x0000000008000c0c                __aeabi_fsub
                0x0000000008000c10                __aeabi_fadd
                0x0000000008000c10                __addsf3
                0x0000000008000d70                __aeabi_ui2f
                0x0000000008000d70                __floatunsisf
                0x0000000008000d78                __aeabi_i2f
                0x0000000008000d78                __floatsisf
                0x0000000008000d94                __aeabi_ul2f
                0x0000000008000d94                __floatundisf
                0x0000000008000da4                __aeabi_l2f
                0x0000000008000da4                __floatdisf
 .text          0x0000000008000e20      0x2a0 c:/st/stm32cubeide_1.12.1/stm32cubeide/plugins/com.st.stm32cube.ide.mcu.externaltools.gnu-tools-for-stm32.10.3-2021.10.win32_1.0.200.202301161003/tools/bin/../lib/gcc/arm-none-eabi/10.3.1/thumb/v7-m/nofp\libgcc.a(_arm_muldivsf3.o)
                0x0000000008000e20                __mulsf3
                0x0000000008000e20                __aeabi_fmul
                0x0000000008000f88                __aeabi_fdiv
                0x0000000008000f88                __divsf3
 .text          0x00000000080010c0       0xec c:/st/stm32cubeide_1.12.1/stm32cubeide/plugins/com.st.stm32cube.ide.mcu.externaltools.gnu-tools-for-stm32.10.3-2021.10.win32_1.0.200.202301161003/tools/bin/../lib/gcc/arm-none-eabi/10.3.1/thumb/v7-m/nofp\libgcc.a(_arm_cmpsf2.o)
                0x00000000080010c0                __gesf2
                0x00000000080010c0                __gtsf2
                0x00000000080010c8                __lesf2
                0x00000000080010c8                __ltsf2
                0x00000000080010d0                __nesf2
                0x00000000080010d0                __eqsf2
                0x00000000080010d0                __cmpsf2
                0x0000000008001130                __aeabi_cfrcmple
                0x0000000008001138                __aeabi_cfcmpeq
                0x0000000008001138                __aeabi_cfcmple
                0x0000000008001148                __aeabi_fcmpeq
                0x000000000800115c                __aeabi_fcmplt
                0x0000000008001170                __aeabi_fcmple
                0x0000000008001184                __aeabi_fcmpge
                0x0000000008001198                __aeabi_fcmpgt
 .text          0x00000000080011ac       0x2c c:/st/stm32cubeide_1.12.1/stm32cubeide/plugins/com.st.stm32cube.ide.mcu.externaltools.gnu-tools-for-stm32.10.3-2021.10.win32_1.0.200.202301161003/tools/bin/../lib/gcc/arm-none-eabi/10.3.1/thumb/v7-m/nofp\libgcc.a(_arm_unordsf2.o)
                0x00000000080011ac                __unordsf2
                0x00000000080011ac                __aeabi_fcmpun
 .text          0x00000000080011d8       0x40 c:/st/stm32cubeide_1.12.1/stm32cubeide/plugins/com.st.stm32cube.ide.mcu.externaltools.gnu-tools-for-stm32.10.3-2021.10.win32_1.0.200.202301161003/tools/bin/../lib/gcc/arm-none-eabi/10.3.1/thumb/v7-m/nofp\libgcc.a(_arm_fixunssfsi.o)
                0x00000000080011d8                __fixunssfsi
                0x00000000080011d8                __aeabi_f2uiz
 .text          0x0000000008001218       0x34 c:/st/stm32cubeide_1.12.1/stm32cubeide/plugins/com.st.stm32cube.ide.mcu.externaltools.gnu-tools-for-stm32.10.3-2021.10.win32_1.0.200.202301161003/tools/bin/../lib/gcc/arm-none-eabi/10.3.1/thumb/v7-m/nofp\libgcc.a(_fixdfdi.o)
                0x0000000008001218                __fixdfdi
                0x0000000008001218                __aeabi_d2lz
 .text          0x000000000800124c       0x3c c:/st/stm32cubeide_1.12.1/stm32cubeide/plugins/com.st.stm32cube.ide.mcu.externaltools.gnu-tools-for-stm32.10.3-2021.10.win32_1.0.200.202301161003/tools/bin/../lib/gcc/arm-none-eabi/10.3.1/thumb/v7-m/nofp\libgcc.a(_fixunsdfdi.o)
                0x000000000800124c                __fixunsdfdi
                0x000000000800124c                __aeabi_d2ulz
 *(.text*)
 .text.MX_ADC1_Init
                0x0000000008001288       0xd4 ./Core/Src/adc.o
                0x0000000008001288                MX_ADC1_Init
 .text.HAL_ADC_MspInit
                0x000000000800135c       0xd0 ./Core/Src/adc.o
                0x000000000800135c                HAL_ADC_MspInit
 .text.MX_CAN_Init
                0x000000000800142c       0x6c ./Core/Src/can.o
                0x000000000800142c                MX_CAN_Init
 .text.HAL_CAN_MspInit
                0x0000000008001498       0xd8 ./Core/Src/can.o
                0x0000000008001498                HAL_CAN_MspInit
 .text.MX_DAC_Init
                0x0000000008001570       0x68 ./Core/Src/dac.o
                0x0000000008001570                MX_DAC_Init
 .text.HAL_DAC_MspInit
                0x00000000080015d8       0x78 ./Core/Src/dac.o
                0x00000000080015d8                HAL_DAC_MspInit
 .text.MX_DMA_Init
                0x0000000008001650       0x94 ./Core/Src/dma.o
                0x0000000008001650                MX_DMA_Init
 .text.MX_I2C1_Init
                0x00000000080016e4       0x5c ./Core/Src/i2c.o
                0x00000000080016e4                MX_I2C1_Init
 .text.HAL_I2C_MspInit
                0x0000000008001740       0x7c ./Core/Src/i2c.o
                0x0000000008001740                HAL_I2C_MspInit
 .text.main     0x00000000080017bc      0x13c ./Core/Src/main.o
                0x00000000080017bc                main
 .text.SystemClock_Config
                0x00000000080018f8       0xba ./Core/Src/main.o
                0x00000000080018f8                SystemClock_Config
 .text.Error_Handler
                0x00000000080019b2        0xa ./Core/Src/main.o
                0x00000000080019b2                Error_Handler
 .text.HAL_MspInit
                0x00000000080019bc       0x64 ./Core/Src/stm32f1xx_hal_msp.o
                0x00000000080019bc                HAL_MspInit
 .text.NMI_Handler
                0x0000000008001a20        0x6 ./Core/Src/stm32f1xx_it.o
                0x0000000008001a20                NMI_Handler
 .text.HardFault_Handler
                0x0000000008001a26        0x6 ./Core/Src/stm32f1xx_it.o
                0x0000000008001a26                HardFault_Handler
 .text.MemManage_Handler
                0x0000000008001a2c        0x6 ./Core/Src/stm32f1xx_it.o
                0x0000000008001a2c                MemManage_Handler
 .text.BusFault_Handler
                0x0000000008001a32        0x6 ./Core/Src/stm32f1xx_it.o
                0x0000000008001a32                BusFault_Handler
 .text.UsageFault_Handler
                0x0000000008001a38        0x6 ./Core/Src/stm32f1xx_it.o
                0x0000000008001a38                UsageFault_Handler
 .text.SVC_Handler
                0x0000000008001a3e        0xc ./Core/Src/stm32f1xx_it.o
                0x0000000008001a3e                SVC_Handler
 .text.DebugMon_Handler
                0x0000000008001a4a        0xc ./Core/Src/stm32f1xx_it.o
                0x0000000008001a4a                DebugMon_Handler
 .text.PendSV_Handler
                0x0000000008001a56        0xc ./Core/Src/stm32f1xx_it.o
                0x0000000008001a56                PendSV_Handler
 .text.SysTick_Handler
                0x0000000008001a62        0xc ./Core/Src/stm32f1xx_it.o
                0x0000000008001a62                SysTick_Handler
 *fill*         0x0000000008001a6e        0x2 
 .text.DMA1_Channel1_IRQHandler
                0x0000000008001a70       0x14 ./Core/Src/stm32f1xx_it.o
                0x0000000008001a70                DMA1_Channel1_IRQHandler
 .text.DMA1_Channel3_IRQHandler
                0x0000000008001a84       0x14 ./Core/Src/stm32f1xx_it.o
                0x0000000008001a84                DMA1_Channel3_IRQHandler
 .text.DMA1_Channel5_IRQHandler
                0x0000000008001a98       0x14 ./Core/Src/stm32f1xx_it.o
                0x0000000008001a98                DMA1_Channel5_IRQHandler
 .text.DMA1_Channel6_IRQHandler
                0x0000000008001aac       0x14 ./Core/Src/stm32f1xx_it.o
                0x0000000008001aac                DMA1_Channel6_IRQHandler
 .text.USB_HP_CAN1_TX_IRQHandler
                0x0000000008001ac0       0x14 ./Core/Src/stm32f1xx_it.o
                0x0000000008001ac0                USB_HP_CAN1_TX_IRQHandler
 .text.USB_LP_CAN1_RX0_IRQHandler
                0x0000000008001ad4      0x118 ./Core/Src/stm32f1xx_it.o
                0x0000000008001ad4                USB_LP_CAN1_RX0_IRQHandler
 .text.CAN1_RX1_IRQHandler
                0x0000000008001bec       0x14 ./Core/Src/stm32f1xx_it.o
                0x0000000008001bec                CAN1_RX1_IRQHandler
 .text.CAN1_SCE_IRQHandler
                0x0000000008001c00       0x14 ./Core/Src/stm32f1xx_it.o
                0x0000000008001c00                CAN1_SCE_IRQHandler
 .text.TIM3_IRQHandler
                0x0000000008001c14      0x21c ./Core/Src/stm32f1xx_it.o
                0x0000000008001c14                TIM3_IRQHandler
 .text.TIM4_IRQHandler
                0x0000000008001e30       0x14 ./Core/Src/stm32f1xx_it.o
                0x0000000008001e30                TIM4_IRQHandler
 .text.USART1_IRQHandler
                0x0000000008001e44       0x14 ./Core/Src/stm32f1xx_it.o
                0x0000000008001e44                USART1_IRQHandler
 .text.USART2_IRQHandler
                0x0000000008001e58       0x14 ./Core/Src/stm32f1xx_it.o
                0x0000000008001e58                USART2_IRQHandler
 .text.USART3_IRQHandler
                0x0000000008001e6c       0x14 ./Core/Src/stm32f1xx_it.o
                0x0000000008001e6c                USART3_IRQHandler
 .text.UART4_IRQHandler
                0x0000000008001e80       0x14 ./Core/Src/stm32f1xx_it.o
                0x0000000008001e80                UART4_IRQHandler
 .text.DMA2_Channel3_IRQHandler
                0x0000000008001e94       0x14 ./Core/Src/stm32f1xx_it.o
                0x0000000008001e94                DMA2_Channel3_IRQHandler
 .text._getpid  0x0000000008001ea8        0xe ./Core/Src/syscalls.o
                0x0000000008001ea8                _getpid
 .text._kill    0x0000000008001eb6       0x20 ./Core/Src/syscalls.o
                0x0000000008001eb6                _kill
 .text._exit    0x0000000008001ed6       0x14 ./Core/Src/syscalls.o
                0x0000000008001ed6                _exit
 .text._read    0x0000000008001eea       0x3a ./Core/Src/syscalls.o
                0x0000000008001eea                _read
 .text._write   0x0000000008001f24       0x38 ./Core/Src/syscalls.o
                0x0000000008001f24                _write
 .text._close   0x0000000008001f5c       0x16 ./Core/Src/syscalls.o
                0x0000000008001f5c                _close
 .text._fstat   0x0000000008001f72       0x1e ./Core/Src/syscalls.o
                0x0000000008001f72                _fstat
 .text._isatty  0x0000000008001f90       0x14 ./Core/Src/syscalls.o
                0x0000000008001f90                _isatty
 .text._lseek   0x0000000008001fa4       0x18 ./Core/Src/syscalls.o
                0x0000000008001fa4                _lseek
 .text._sbrk    0x0000000008001fbc       0x6c ./Core/Src/sysmem.o
                0x0000000008001fbc                _sbrk
 .text.SystemInit
                0x0000000008002028        0xc ./Core/Src/system_stm32f1xx.o
                0x0000000008002028                SystemInit
 .text.MX_TIM3_Init
                0x0000000008002034       0x9c ./Core/Src/tim.o
                0x0000000008002034                MX_TIM3_Init
 .text.MX_TIM4_Init
                0x00000000080020d0      0x104 ./Core/Src/tim.o
                0x00000000080020d0                MX_TIM4_Init
 .text.HAL_TIM_Base_MspInit
                0x00000000080021d4       0x84 ./Core/Src/tim.o
                0x00000000080021d4                HAL_TIM_Base_MspInit
 .text.HAL_TIM_MspPostInit
                0x0000000008002258       0x88 ./Core/Src/tim.o
                0x0000000008002258                HAL_TIM_MspPostInit
 .text.MX_UART4_Init
                0x00000000080022e0       0x54 ./Core/Src/usart.o
                0x00000000080022e0                MX_UART4_Init
 .text.MX_USART1_UART_Init
                0x0000000008002334       0x54 ./Core/Src/usart.o
                0x0000000008002334                MX_USART1_UART_Init
 .text.MX_USART2_UART_Init
                0x0000000008002388       0x54 ./Core/Src/usart.o
                0x0000000008002388                MX_USART2_UART_Init
 .text.MX_USART3_UART_Init
                0x00000000080023dc       0x54 ./Core/Src/usart.o
                0x00000000080023dc                MX_USART3_UART_Init
 .text.HAL_UART_MspInit
                0x0000000008002430      0x3b4 ./Core/Src/usart.o
                0x0000000008002430                HAL_UART_MspInit
 .text.HAL_UART_MspDeInit
                0x00000000080027e4       0xf8 ./Core/Src/usart.o
                0x00000000080027e4                HAL_UART_MspDeInit
 .text.Reset_Handler
                0x00000000080028dc       0x48 ./Core/Startup/startup_stm32f103vctx.o
                0x00000000080028dc                Reset_Handler
 .text.Default_Handler
                0x0000000008002924        0x2 ./Core/Startup/startup_stm32f103vctx.o
                0x0000000008002924                RTC_Alarm_IRQHandler
                0x0000000008002924                EXTI2_IRQHandler
                0x0000000008002924                TIM8_TRG_COM_IRQHandler
                0x0000000008002924                TIM8_CC_IRQHandler
                0x0000000008002924                TIM1_CC_IRQHandler
                0x0000000008002924                TIM6_IRQHandler
                0x0000000008002924                PVD_IRQHandler
                0x0000000008002924                SDIO_IRQHandler
                0x0000000008002924                EXTI3_IRQHandler
                0x0000000008002924                EXTI0_IRQHandler
                0x0000000008002924                I2C2_EV_IRQHandler
                0x0000000008002924                ADC1_2_IRQHandler
                0x0000000008002924                SPI1_IRQHandler
                0x0000000008002924                TAMPER_IRQHandler
                0x0000000008002924                TIM8_UP_IRQHandler
                0x0000000008002924                DMA2_Channel2_IRQHandler
                0x0000000008002924                DMA1_Channel4_IRQHandler
                0x0000000008002924                RTC_IRQHandler
                0x0000000008002924                DMA1_Channel7_IRQHandler
                0x0000000008002924                UART5_IRQHandler
                0x0000000008002924                ADC3_IRQHandler
                0x0000000008002924                DMA2_Channel1_IRQHandler
                0x0000000008002924                I2C1_EV_IRQHandler
                0x0000000008002924                RCC_IRQHandler
                0x0000000008002924                TIM1_TRG_COM_IRQHandler
                0x0000000008002924                Default_Handler
                0x0000000008002924                EXTI15_10_IRQHandler
                0x0000000008002924                TIM7_IRQHandler
                0x0000000008002924                TIM5_IRQHandler
                0x0000000008002924                EXTI9_5_IRQHandler
                0x0000000008002924                SPI2_IRQHandler
                0x0000000008002924                EXTI4_IRQHandler
                0x0000000008002924                FSMC_IRQHandler
                0x0000000008002924                TIM1_UP_IRQHandler
                0x0000000008002924                WWDG_IRQHandler
                0x0000000008002924                TIM2_IRQHandler
                0x0000000008002924                TIM1_BRK_IRQHandler
                0x0000000008002924                EXTI1_IRQHandler
                0x0000000008002924                DMA2_Channel4_5_IRQHandler
                0x0000000008002924                I2C2_ER_IRQHandler
                0x0000000008002924                DMA1_Channel2_IRQHandler
                0x0000000008002924                TIM8_BRK_IRQHandler
                0x0000000008002924                FLASH_IRQHandler
                0x0000000008002924                SPI3_IRQHandler
                0x0000000008002924                I2C1_ER_IRQHandler
                0x0000000008002924                USBWakeUp_IRQHandler
 .text.at24_HAL_WriteBytes
                0x0000000008002926       0xee ./Core/bsp/at24_eep.o
                0x0000000008002926                at24_HAL_WriteBytes
 .text.at24_HAL_ReadBytes
                0x0000000008002a14       0x9a ./Core/bsp/at24_eep.o
                0x0000000008002a14                at24_HAL_ReadBytes
 *fill*         0x0000000008002aae        0x2 
 .text.ADC_DMA_AVERAGE
                0x0000000008002ab0       0x54 ./Core/bsp/bsp_adc.o
                0x0000000008002ab0                ADC_DMA_AVERAGE
 .text.bsp_adc_init
                0x0000000008002b04       0x1c ./Core/bsp/bsp_adc.o
                0x0000000008002b04                bsp_adc_init
 .text.get_adc_value
                0x0000000008002b20        0xc ./Core/bsp/bsp_adc.o
                0x0000000008002b20                get_adc_value
 .text.map_function
                0x0000000008002b2c       0x56 ./Core/bsp/bsp_adc.o
                0x0000000008002b2c                map_function
 .text.multiMap
                0x0000000008002b82       0xe8 ./Core/bsp/bsp_adc.o
                0x0000000008002b82                multiMap
 *fill*         0x0000000008002c6a        0x6 
 .text.get_remote_val
                0x0000000008002c70       0xf8 ./Core/bsp/bsp_adc.o
                0x0000000008002c70                get_remote_val
 .text.uartInit
                0x0000000008002d68       0x34 ./Core/bsp/bsp_uart.o
                0x0000000008002d68                uartInit
 .text.uartOpen
                0x0000000008002d9c      0x20c ./Core/bsp/bsp_uart.o
                0x0000000008002d9c                uartOpen
 .text.uartAvailable
                0x0000000008002fa8       0x90 ./Core/bsp/bsp_uart.o
                0x0000000008002fa8                uartAvailable
 .text.uartRead
                0x0000000008003038       0x4c ./Core/bsp/bsp_uart.o
                0x0000000008003038                uartRead
 .text.uartWrite
                0x0000000008003084       0x70 ./Core/bsp/bsp_uart.o
                0x0000000008003084                uartWrite
 .text.uartPrintf
                0x00000000080030f4       0x70 ./Core/bsp/bsp_uart.o
                0x00000000080030f4                uartPrintf
 .text.HAL_UART_ErrorCallback
                0x0000000008003164       0x12 ./Core/bsp/bsp_uart.o
                0x0000000008003164                HAL_UART_ErrorCallback
 .text.HAL_UART_RxCpltCallback
                0x0000000008003176       0x12 ./Core/bsp/bsp_uart.o
                0x0000000008003176                HAL_UART_RxCpltCallback
 .text.cliInit  0x0000000008003188      0x138 ./Core/bsp/cli.o
                0x0000000008003188                cliInit
 .text.cliOpen  0x00000000080032c0       0x3c ./Core/bsp/cli.o
                0x00000000080032c0                cliOpen
 .text.cliShowLog
                0x00000000080032fc      0x104 ./Core/bsp/cli.o
                0x00000000080032fc                cliShowLog
 .text.cliShowPrompt
                0x0000000008003400       0x30 ./Core/bsp/cli.o
 .text.cliMain  0x0000000008003430       0x44 ./Core/bsp/cli.o
                0x0000000008003430                cliMain
 .text.cliUpdate
                0x0000000008003474      0x4cc ./Core/bsp/cli.o
 .text.cliLineClean
                0x0000000008003940       0x32 ./Core/bsp/cli.o
 .text.cliLineAdd
                0x0000000008003972       0x88 ./Core/bsp/cli.o
 *fill*         0x00000000080039fa        0x2 
 .text.cliLineChange
                0x00000000080039fc      0x114 ./Core/bsp/cli.o
 .text.cliRunCmd
                0x0000000008003b10       0xb4 ./Core/bsp/cli.o
 .text.cliParseArgs
                0x0000000008003bc4       0x90 ./Core/bsp/cli.o
 .text.cliPrintf
                0x0000000008003c54       0x48 ./Core/bsp/cli.o
                0x0000000008003c54                cliPrintf
 .text.cliToUpper
                0x0000000008003c9c       0x66 ./Core/bsp/cli.o
 *fill*         0x0000000008003d02        0x2 
 .text.cliArgsGetData
                0x0000000008003d04       0x50 ./Core/bsp/cli.o
 .text.cliArgsGetFloat
                0x0000000008003d54       0x50 ./Core/bsp/cli.o
 .text.cliArgsGetStr
                0x0000000008003da4       0x44 ./Core/bsp/cli.o
 .text.cliArgsIsStr
                0x0000000008003de8       0x54 ./Core/bsp/cli.o
 .text.cliAdd   0x0000000008003e3c       0x94 ./Core/bsp/cli.o
                0x0000000008003e3c                cliAdd
 .text.cliShowList
                0x0000000008003ed0       0x9c ./Core/bsp/cli.o
                0x0000000008003ed0                cliShowList
 .text.cli_drv_sqc
                0x0000000008003f6c      0x120 ./Core/bsp/cli.o
                0x0000000008003f6c                cli_drv_sqc
 .text.cli_sentype_sqc
                0x000000000800408c      0x120 ./Core/bsp/cli.o
                0x000000000800408c                cli_sentype_sqc
 .text.cli_speed_offset_sqc
                0x00000000080041ac      0x108 ./Core/bsp/cli.o
                0x00000000080041ac                cli_speed_offset_sqc
 .text.cli_speed_low_sqc
                0x00000000080042b4      0x108 ./Core/bsp/cli.o
                0x00000000080042b4                cli_speed_low_sqc
 .text.cli_speed_high_sqc
                0x00000000080043bc      0x108 ./Core/bsp/cli.o
                0x00000000080043bc                cli_speed_high_sqc
 .text.cli_remote_sqc
                0x00000000080044c4      0x114 ./Core/bsp/cli.o
                0x00000000080044c4                cli_remote_sqc
 .text.cli_battery_sqc
                0x00000000080045d8      0x114 ./Core/bsp/cli.o
                0x00000000080045d8                cli_battery_sqc
 .text.cli_valve_sqc
                0x00000000080046ec      0x114 ./Core/bsp/cli.o
                0x00000000080046ec                cli_valve_sqc
 .text.cli_rtk_sqc
                0x0000000008004800      0x114 ./Core/bsp/cli.o
                0x0000000008004800                cli_rtk_sqc
 .text.cli_info_sqc
                0x0000000008004914      0x140 ./Core/bsp/cli.o
                0x0000000008004914                cli_info_sqc
 .text.cli_eep_save_sqc
                0x0000000008004a54       0x78 ./Core/bsp/cli.o
                0x0000000008004a54                cli_eep_save_sqc
 .text.CAN_ER_Decode
                0x0000000008004acc      0x2b8 ./Core/bsp/debug.o
                0x0000000008004acc                CAN_ER_Decode
 .text.CAN_DT_Decode
                0x0000000008004d84      0x110 ./Core/bsp/debug.o
                0x0000000008004d84                CAN_DT_Decode
 .text.Comm_Check
                0x0000000008004e94       0x78 ./Core/bsp/debug.o
                0x0000000008004e94                Comm_Check
 .text.GPIO_Configuration
                0x0000000008004f0c      0x2b0 ./Core/bsp/keyscan.o
                0x0000000008004f0c                GPIO_Configuration
 .text.DRV_Start
                0x00000000080051bc       0x3c ./Core/bsp/keyscan.o
                0x00000000080051bc                DRV_Start
 .text.STR_Start
                0x00000000080051f8       0x3c ./Core/bsp/keyscan.o
                0x00000000080051f8                STR_Start
 .text.is_NotUrgency
                0x0000000008005234       0xbc ./Core/bsp/keyscan.o
                0x0000000008005234                is_NotUrgency
 .text.Drive_REQ
                0x00000000080052f0      0x48c ./Core/bsp/keyscan.o
                0x00000000080052f0                Drive_REQ
 .text.Lkey_Action
                0x000000000800577c      0x118 ./Core/bsp/keyscan.o
                0x000000000800577c                Lkey_Action
 .text.Comm_Action
                0x0000000008005894       0x80 ./Core/bsp/keyscan.o
                0x0000000008005894                Comm_Action
 .text.Rkey_Action
                0x0000000008005914      0x304 ./Core/bsp/keyscan.o
                0x0000000008005914                Rkey_Action
 .text.Key_IdentChk
                0x0000000008005c18       0x46 ./Core/bsp/keyscan.o
                0x0000000008005c18                Key_IdentChk
 .text.Comm_IdentChk
                0x0000000008005c5e       0x46 ./Core/bsp/keyscan.o
                0x0000000008005c5e                Comm_IdentChk
 .text.LKEY_Check
                0x0000000008005ca4      0x118 ./Core/bsp/keyscan.o
                0x0000000008005ca4                LKEY_Check
 .text.RKEY_Check
                0x0000000008005dbc      0x174 ./Core/bsp/keyscan.o
                0x0000000008005dbc                RKEY_Check
 .text.isAutoCondition
                0x0000000008005f30       0x24 ./Core/bsp/keyscan.o
                0x0000000008005f30                isAutoCondition
 .text.SMART_check
                0x0000000008005f54       0x40 ./Core/bsp/keyscan.o
                0x0000000008005f54                SMART_check
 .text.LKAUTO_CHKSeq
                0x0000000008005f94      0x1e0 ./Core/bsp/keyscan.o
                0x0000000008005f94                LKAUTO_CHKSeq
 .text.RFR_MainCheck
                0x0000000008006174      0x17c ./Core/bsp/keyscan.o
                0x0000000008006174                RFR_MainCheck
 .text.User_Interface
                0x00000000080062f0       0x60 ./Core/bsp/keyscan.o
                0x00000000080062f0                User_Interface
 .text.is_DriveKey
                0x0000000008006350       0x84 ./Core/bsp/motor.o
                0x0000000008006350                is_DriveKey
 .text.DM_Stop  0x00000000080063d4       0x34 ./Core/bsp/motor.o
                0x00000000080063d4                DM_Stop
 .text.DRV_Control
                0x0000000008006408      0x318 ./Core/bsp/motor.o
                0x0000000008006408                DRV_Control
 .text.is_StrringKey
                0x0000000008006720       0x84 ./Core/bsp/motor.o
                0x0000000008006720                is_StrringKey
 .text.SM_Stop  0x00000000080067a4       0x34 ./Core/bsp/motor.o
                0x00000000080067a4                SM_Stop
 .text.STR_Control
                0x00000000080067d8      0x160 ./Core/bsp/motor.o
                0x00000000080067d8                STR_Control
 .text.PUMP_Control
                0x0000000008006938      0x280 ./Core/bsp/motor.o
                0x0000000008006938                PUMP_Control
 .text.FAN_Control
                0x0000000008006bb8      0x130 ./Core/bsp/motor.o
                0x0000000008006bb8                FAN_Control
 .text.pn_PumpOn
                0x0000000008006ce8       0x50 ./Core/bsp/motor.o
                0x0000000008006ce8                pn_PumpOn
 .text.all_MotorStop
                0x0000000008006d38      0x26c ./Core/bsp/motor.o
                0x0000000008006d38                all_MotorStop
 .text.str_MotorLimitStop
                0x0000000008006fa4       0x48 ./Core/bsp/motor.o
                0x0000000008006fa4                str_MotorLimitStop
 .text.Init_DrvPortSet
                0x0000000008006fec       0x64 ./Core/bsp/motor.o
                0x0000000008006fec                Init_DrvPortSet
 .text.Motor_Control
                0x0000000008007050       0x58 ./Core/bsp/motor.o
                0x0000000008007050                Motor_Control
 .text.qbufferCreate
                0x00000000080070a8       0x34 ./Core/bsp/qbuffer.o
                0x00000000080070a8                qbufferCreate
 .text.qbufferRead
                0x00000000080070dc       0x78 ./Core/bsp/qbuffer.o
                0x00000000080070dc                qbufferRead
 .text.qbufferAvailable
                0x0000000008007154       0x2e ./Core/bsp/qbuffer.o
                0x0000000008007154                qbufferAvailable
 *fill*         0x0000000008007182        0x2 
 .text.init_set_read
                0x0000000008007184      0x120 ./Core/bsp/task.o
                0x0000000008007184                init_set_read
 .text.init_set_save
                0x00000000080072a4       0x70 ./Core/bsp/task.o
                0x00000000080072a4                init_set_save
 .text.can1_Trans8b
                0x0000000008007314      0x1e8 ./Core/bsp/task.o
                0x0000000008007314                can1_Trans8b
 .text.Event_30ms
                0x00000000080074fc       0x80 ./Core/bsp/task.o
                0x00000000080074fc                Event_30ms
 .text.Event_10ms
                0x000000000800757c       0x20 ./Core/bsp/task.o
                0x000000000800757c                Event_10ms
 .text.Event_200ms
                0x000000000800759c       0x28 ./Core/bsp/task.o
                0x000000000800759c                Event_200ms
 .text.Event_500ms
                0x00000000080075c4       0x48 ./Core/bsp/task.o
                0x00000000080075c4                Event_500ms
 .text.Timer_Event
                0x000000000800760c       0x4c ./Core/bsp/task.o
                0x000000000800760c                Timer_Event
 .text.bsp_can_init
                0x0000000008007658       0x94 ./Core/bsp/task.o
                0x0000000008007658                bsp_can_init
 .text.R_LED_On
                0x00000000080076ec       0x18 ./Core/bsp/task.o
                0x00000000080076ec                R_LED_On
 .text.R_LED_Off
                0x0000000008007704       0x18 ./Core/bsp/task.o
                0x0000000008007704                R_LED_Off
 .text.G_LED_On
                0x000000000800771c       0x18 ./Core/bsp/task.o
                0x000000000800771c                G_LED_On
 .text.G_LED_Off
                0x0000000008007734       0x18 ./Core/bsp/task.o
                0x0000000008007734                G_LED_Off
 .text.G_LED_Toggle
                0x000000000800774c       0x14 ./Core/bsp/task.o
                0x000000000800774c                G_LED_Toggle
 .text.B_LED_Off
                0x0000000008007760       0x18 ./Core/bsp/task.o
                0x0000000008007760                B_LED_Off
 .text.bcon_On  0x0000000008007778       0xa0 ./Core/bsp/task.o
                0x0000000008007778                bcon_On
 .text.Battery_Check
                0x0000000008007818      0x140 ./Core/bsp/task.o
                0x0000000008007818                Battery_Check
 .text.Port_ReadACT
                0x0000000008007958      0x17c ./Core/bsp/task.o
                0x0000000008007958                Port_ReadACT
 .text.Bcon_Control
                0x0000000008007ad4      0x290 ./Core/bsp/task.o
                0x0000000008007ad4                Bcon_Control
 .text.Bcon_Out
                0x0000000008007d64       0x30 ./Core/bsp/task.o
                0x0000000008007d64                Bcon_Out
 .text.Real_AutoRunning
                0x0000000008007d94       0x58 ./Core/bsp/task.o
                0x0000000008007d94                Real_AutoRunning
 .text.WLS_Check1
                0x0000000008007dec       0x8c ./Core/bsp/task.o
                0x0000000008007dec                WLS_Check1
 .text.WLS_Check2
                0x0000000008007e78       0x8c ./Core/bsp/task.o
                0x0000000008007e78                WLS_Check2
 .text.WL_CheckInit
                0x0000000008007f04       0x10 ./Core/bsp/task.o
                0x0000000008007f04                WL_CheckInit
 .text.WL_Check
                0x0000000008007f14      0x10c ./Core/bsp/task.o
                0x0000000008007f14                WL_Check
 .text.Option_Check
                0x0000000008008020      0x108 ./Core/bsp/task.o
                0x0000000008008020                Option_Check
 .text.INIT_Check
                0x0000000008008128      0x1c0 ./Core/bsp/task.o
                0x0000000008008128                INIT_Check
 .text.NotEmpty_WL
                0x00000000080082e8       0x30 ./Core/bsp/task.o
                0x00000000080082e8                NotEmpty_WL
 .text.Var_Init
                0x0000000008008318      0x19c ./Core/bsp/task.o
                0x0000000008008318                Var_Init
 .text.init_set
                0x00000000080084b4       0x60 ./Core/bsp/task.o
                0x00000000080084b4                init_set
 .text.HAL_Init
                0x0000000008008514       0x2c ./Drivers/STM32F1xx_HAL_Driver/Src/stm32f1xx_hal.o
                0x0000000008008514                HAL_Init
 .text.HAL_InitTick
                0x0000000008008540       0x60 ./Drivers/STM32F1xx_HAL_Driver/Src/stm32f1xx_hal.o
                0x0000000008008540                HAL_InitTick
 .text.HAL_IncTick
                0x00000000080085a0       0x24 ./Drivers/STM32F1xx_HAL_Driver/Src/stm32f1xx_hal.o
                0x00000000080085a0                HAL_IncTick
 .text.HAL_GetTick
                0x00000000080085c4       0x14 ./Drivers/STM32F1xx_HAL_Driver/Src/stm32f1xx_hal.o
                0x00000000080085c4                HAL_GetTick
 .text.HAL_Delay
                0x00000000080085d8       0x48 ./Drivers/STM32F1xx_HAL_Driver/Src/stm32f1xx_hal.o
                0x00000000080085d8                HAL_Delay
 .text.HAL_ADC_Init
                0x0000000008008620      0x1d4 ./Drivers/STM32F1xx_HAL_Driver/Src/stm32f1xx_hal_adc.o
                0x0000000008008620                HAL_ADC_Init
 .text.HAL_ADC_Start_DMA
                0x00000000080087f4      0x1bc ./Drivers/STM32F1xx_HAL_Driver/Src/stm32f1xx_hal_adc.o
                0x00000000080087f4                HAL_ADC_Start_DMA
 .text.HAL_ADC_ConvCpltCallback
                0x00000000080089b0       0x12 ./Drivers/STM32F1xx_HAL_Driver/Src/stm32f1xx_hal_adc.o
                0x00000000080089b0                HAL_ADC_ConvCpltCallback
 .text.HAL_ADC_ConvHalfCpltCallback
                0x00000000080089c2       0x12 ./Drivers/STM32F1xx_HAL_Driver/Src/stm32f1xx_hal_adc.o
                0x00000000080089c2                HAL_ADC_ConvHalfCpltCallback
 .text.HAL_ADC_ErrorCallback
                0x00000000080089d4       0x12 ./Drivers/STM32F1xx_HAL_Driver/Src/stm32f1xx_hal_adc.o
                0x00000000080089d4                HAL_ADC_ErrorCallback
 *fill*         0x00000000080089e6        0x2 
 .text.HAL_ADC_ConfigChannel
                0x00000000080089e8      0x1f0 ./Drivers/STM32F1xx_HAL_Driver/Src/stm32f1xx_hal_adc.o
                0x00000000080089e8                HAL_ADC_ConfigChannel
 .text.ADC_Enable
                0x0000000008008bd8       0xb4 ./Drivers/STM32F1xx_HAL_Driver/Src/stm32f1xx_hal_adc.o
                0x0000000008008bd8                ADC_Enable
 .text.ADC_ConversionStop_Disable
                0x0000000008008c8c       0x82 ./Drivers/STM32F1xx_HAL_Driver/Src/stm32f1xx_hal_adc.o
                0x0000000008008c8c                ADC_ConversionStop_Disable
 .text.ADC_DMAConvCplt
                0x0000000008008d0e       0x7c ./Drivers/STM32F1xx_HAL_Driver/Src/stm32f1xx_hal_adc.o
                0x0000000008008d0e                ADC_DMAConvCplt
 .text.ADC_DMAHalfConvCplt
                0x0000000008008d8a       0x1c ./Drivers/STM32F1xx_HAL_Driver/Src/stm32f1xx_hal_adc.o
                0x0000000008008d8a                ADC_DMAHalfConvCplt
 .text.ADC_DMAError
                0x0000000008008da6       0x34 ./Drivers/STM32F1xx_HAL_Driver/Src/stm32f1xx_hal_adc.o
                0x0000000008008da6                ADC_DMAError
 .text.HAL_CAN_Init
                0x0000000008008dda      0x1f6 ./Drivers/STM32F1xx_HAL_Driver/Src/stm32f1xx_hal_can.o
                0x0000000008008dda                HAL_CAN_Init
 .text.HAL_CAN_ConfigFilter
                0x0000000008008fd0      0x192 ./Drivers/STM32F1xx_HAL_Driver/Src/stm32f1xx_hal_can.o
                0x0000000008008fd0                HAL_CAN_ConfigFilter
 .text.HAL_CAN_Start
                0x0000000008009162       0x88 ./Drivers/STM32F1xx_HAL_Driver/Src/stm32f1xx_hal_can.o
                0x0000000008009162                HAL_CAN_Start
 .text.HAL_CAN_AddTxMessage
                0x00000000080091ea      0x19e ./Drivers/STM32F1xx_HAL_Driver/Src/stm32f1xx_hal_can.o
                0x00000000080091ea                HAL_CAN_AddTxMessage
 .text.HAL_CAN_GetRxMessage
                0x0000000008009388      0x242 ./Drivers/STM32F1xx_HAL_Driver/Src/stm32f1xx_hal_can.o
                0x0000000008009388                HAL_CAN_GetRxMessage
 .text.HAL_CAN_ActivateNotification
                0x00000000080095ca       0x4a ./Drivers/STM32F1xx_HAL_Driver/Src/stm32f1xx_hal_can.o
                0x00000000080095ca                HAL_CAN_ActivateNotification
 .text.HAL_CAN_IRQHandler
                0x0000000008009614      0x36e ./Drivers/STM32F1xx_HAL_Driver/Src/stm32f1xx_hal_can.o
                0x0000000008009614                HAL_CAN_IRQHandler
 .text.HAL_CAN_TxMailbox0CompleteCallback
                0x0000000008009982       0x12 ./Drivers/STM32F1xx_HAL_Driver/Src/stm32f1xx_hal_can.o
                0x0000000008009982                HAL_CAN_TxMailbox0CompleteCallback
 .text.HAL_CAN_TxMailbox1CompleteCallback
                0x0000000008009994       0x12 ./Drivers/STM32F1xx_HAL_Driver/Src/stm32f1xx_hal_can.o
                0x0000000008009994                HAL_CAN_TxMailbox1CompleteCallback
 .text.HAL_CAN_TxMailbox2CompleteCallback
                0x00000000080099a6       0x12 ./Drivers/STM32F1xx_HAL_Driver/Src/stm32f1xx_hal_can.o
                0x00000000080099a6                HAL_CAN_TxMailbox2CompleteCallback
 .text.HAL_CAN_TxMailbox0AbortCallback
                0x00000000080099b8       0x12 ./Drivers/STM32F1xx_HAL_Driver/Src/stm32f1xx_hal_can.o
                0x00000000080099b8                HAL_CAN_TxMailbox0AbortCallback
 .text.HAL_CAN_TxMailbox1AbortCallback
                0x00000000080099ca       0x12 ./Drivers/STM32F1xx_HAL_Driver/Src/stm32f1xx_hal_can.o
                0x00000000080099ca                HAL_CAN_TxMailbox1AbortCallback
 .text.HAL_CAN_TxMailbox2AbortCallback
                0x00000000080099dc       0x12 ./Drivers/STM32F1xx_HAL_Driver/Src/stm32f1xx_hal_can.o
                0x00000000080099dc                HAL_CAN_TxMailbox2AbortCallback
 .text.HAL_CAN_RxFifo0MsgPendingCallback
                0x00000000080099ee       0x12 ./Drivers/STM32F1xx_HAL_Driver/Src/stm32f1xx_hal_can.o
                0x00000000080099ee                HAL_CAN_RxFifo0MsgPendingCallback
 .text.HAL_CAN_RxFifo0FullCallback
                0x0000000008009a00       0x12 ./Drivers/STM32F1xx_HAL_Driver/Src/stm32f1xx_hal_can.o
                0x0000000008009a00                HAL_CAN_RxFifo0FullCallback
 .text.HAL_CAN_RxFifo1MsgPendingCallback
                0x0000000008009a12       0x12 ./Drivers/STM32F1xx_HAL_Driver/Src/stm32f1xx_hal_can.o
                0x0000000008009a12                HAL_CAN_RxFifo1MsgPendingCallback
 .text.HAL_CAN_RxFifo1FullCallback
                0x0000000008009a24       0x12 ./Drivers/STM32F1xx_HAL_Driver/Src/stm32f1xx_hal_can.o
                0x0000000008009a24                HAL_CAN_RxFifo1FullCallback
 .text.HAL_CAN_SleepCallback
                0x0000000008009a36       0x12 ./Drivers/STM32F1xx_HAL_Driver/Src/stm32f1xx_hal_can.o
                0x0000000008009a36                HAL_CAN_SleepCallback
 .text.HAL_CAN_WakeUpFromRxMsgCallback
                0x0000000008009a48       0x12 ./Drivers/STM32F1xx_HAL_Driver/Src/stm32f1xx_hal_can.o
                0x0000000008009a48                HAL_CAN_WakeUpFromRxMsgCallback
 .text.HAL_CAN_ErrorCallback
                0x0000000008009a5a       0x12 ./Drivers/STM32F1xx_HAL_Driver/Src/stm32f1xx_hal_can.o
                0x0000000008009a5a                HAL_CAN_ErrorCallback
 .text.__NVIC_SetPriorityGrouping
                0x0000000008009a6c       0x48 ./Drivers/STM32F1xx_HAL_Driver/Src/stm32f1xx_hal_cortex.o
 .text.__NVIC_GetPriorityGrouping
                0x0000000008009ab4       0x1c ./Drivers/STM32F1xx_HAL_Driver/Src/stm32f1xx_hal_cortex.o
 .text.__NVIC_EnableIRQ
                0x0000000008009ad0       0x38 ./Drivers/STM32F1xx_HAL_Driver/Src/stm32f1xx_hal_cortex.o
 .text.__NVIC_DisableIRQ
                0x0000000008009b08       0x48 ./Drivers/STM32F1xx_HAL_Driver/Src/stm32f1xx_hal_cortex.o
 .text.__NVIC_SetPriority
                0x0000000008009b50       0x54 ./Drivers/STM32F1xx_HAL_Driver/Src/stm32f1xx_hal_cortex.o
 .text.NVIC_EncodePriority
                0x0000000008009ba4       0x64 ./Drivers/STM32F1xx_HAL_Driver/Src/stm32f1xx_hal_cortex.o
 .text.SysTick_Config
                0x0000000008009c08       0x44 ./Drivers/STM32F1xx_HAL_Driver/Src/stm32f1xx_hal_cortex.o
 .text.HAL_NVIC_SetPriorityGrouping
                0x0000000008009c4c       0x16 ./Drivers/STM32F1xx_HAL_Driver/Src/stm32f1xx_hal_cortex.o
                0x0000000008009c4c                HAL_NVIC_SetPriorityGrouping
 .text.HAL_NVIC_SetPriority
                0x0000000008009c62       0x38 ./Drivers/STM32F1xx_HAL_Driver/Src/stm32f1xx_hal_cortex.o
                0x0000000008009c62                HAL_NVIC_SetPriority
 .text.HAL_NVIC_EnableIRQ
                0x0000000008009c9a       0x1c ./Drivers/STM32F1xx_HAL_Driver/Src/stm32f1xx_hal_cortex.o
                0x0000000008009c9a                HAL_NVIC_EnableIRQ
 .text.HAL_NVIC_DisableIRQ
                0x0000000008009cb6       0x1c ./Drivers/STM32F1xx_HAL_Driver/Src/stm32f1xx_hal_cortex.o
                0x0000000008009cb6                HAL_NVIC_DisableIRQ
 .text.HAL_SYSTICK_Config
                0x0000000008009cd2       0x18 ./Drivers/STM32F1xx_HAL_Driver/Src/stm32f1xx_hal_cortex.o
                0x0000000008009cd2                HAL_SYSTICK_Config
 .text.HAL_DAC_Init
                0x0000000008009cea       0x44 ./Drivers/STM32F1xx_HAL_Driver/Src/stm32f1xx_hal_dac.o
                0x0000000008009cea                HAL_DAC_Init
 .text.HAL_DAC_Start
                0x0000000008009d2e       0xac ./Drivers/STM32F1xx_HAL_Driver/Src/stm32f1xx_hal_dac.o
                0x0000000008009d2e                HAL_DAC_Start
 .text.HAL_DAC_SetValue
                0x0000000008009dda       0x52 ./Drivers/STM32F1xx_HAL_Driver/Src/stm32f1xx_hal_dac.o
                0x0000000008009dda                HAL_DAC_SetValue
 .text.HAL_DAC_ConfigChannel
                0x0000000008009e2c       0xb0 ./Drivers/STM32F1xx_HAL_Driver/Src/stm32f1xx_hal_dac.o
                0x0000000008009e2c                HAL_DAC_ConfigChannel
 .text.HAL_DMA_Init
                0x0000000008009edc       0xec ./Drivers/STM32F1xx_HAL_Driver/Src/stm32f1xx_hal_dma.o
                0x0000000008009edc                HAL_DMA_Init
 .text.HAL_DMA_DeInit
                0x0000000008009fc8       0xf0 ./Drivers/STM32F1xx_HAL_Driver/Src/stm32f1xx_hal_dma.o
                0x0000000008009fc8                HAL_DMA_DeInit
 .text.HAL_DMA_Start_IT
                0x000000000800a0b8       0xc0 ./Drivers/STM32F1xx_HAL_Driver/Src/stm32f1xx_hal_dma.o
                0x000000000800a0b8                HAL_DMA_Start_IT
 .text.HAL_DMA_Abort
                0x000000000800a178       0x76 ./Drivers/STM32F1xx_HAL_Driver/Src/stm32f1xx_hal_dma.o
                0x000000000800a178                HAL_DMA_Abort
 *fill*         0x000000000800a1ee        0x2 
 .text.HAL_DMA_Abort_IT
                0x000000000800a1f0      0x210 ./Drivers/STM32F1xx_HAL_Driver/Src/stm32f1xx_hal_dma.o
                0x000000000800a1f0                HAL_DMA_Abort_IT
 .text.HAL_DMA_IRQHandler
                0x000000000800a400      0x478 ./Drivers/STM32F1xx_HAL_Driver/Src/stm32f1xx_hal_dma.o
                0x000000000800a400                HAL_DMA_IRQHandler
 .text.DMA_SetConfig
                0x000000000800a878       0x5a ./Drivers/STM32F1xx_HAL_Driver/Src/stm32f1xx_hal_dma.o
 *fill*         0x000000000800a8d2        0x2 
 .text.HAL_GPIO_Init
                0x000000000800a8d4      0x328 ./Drivers/STM32F1xx_HAL_Driver/Src/stm32f1xx_hal_gpio.o
                0x000000000800a8d4                HAL_GPIO_Init
 .text.HAL_GPIO_DeInit
                0x000000000800abfc      0x198 ./Drivers/STM32F1xx_HAL_Driver/Src/stm32f1xx_hal_gpio.o
                0x000000000800abfc                HAL_GPIO_DeInit
 .text.HAL_GPIO_ReadPin
                0x000000000800ad94       0x2e ./Drivers/STM32F1xx_HAL_Driver/Src/stm32f1xx_hal_gpio.o
                0x000000000800ad94                HAL_GPIO_ReadPin
 .text.HAL_GPIO_WritePin
                0x000000000800adc2       0x30 ./Drivers/STM32F1xx_HAL_Driver/Src/stm32f1xx_hal_gpio.o
                0x000000000800adc2                HAL_GPIO_WritePin
 .text.HAL_GPIO_TogglePin
                0x000000000800adf2       0x32 ./Drivers/STM32F1xx_HAL_Driver/Src/stm32f1xx_hal_gpio.o
                0x000000000800adf2                HAL_GPIO_TogglePin
 .text.HAL_I2C_Init
                0x000000000800ae24      0x288 ./Drivers/STM32F1xx_HAL_Driver/Src/stm32f1xx_hal_i2c.o
                0x000000000800ae24                HAL_I2C_Init
 .text.HAL_I2C_Mem_Write
                0x000000000800b0ac      0x1f4 ./Drivers/STM32F1xx_HAL_Driver/Src/stm32f1xx_hal_i2c.o
                0x000000000800b0ac                HAL_I2C_Mem_Write
 .text.HAL_I2C_Mem_Read
                0x000000000800b2a0      0x4d0 ./Drivers/STM32F1xx_HAL_Driver/Src/stm32f1xx_hal_i2c.o
                0x000000000800b2a0                HAL_I2C_Mem_Read
 .text.I2C_RequestMemoryWrite
                0x000000000800b770      0x12c ./Drivers/STM32F1xx_HAL_Driver/Src/stm32f1xx_hal_i2c.o
 .text.I2C_RequestMemoryRead
                0x000000000800b89c      0x1d0 ./Drivers/STM32F1xx_HAL_Driver/Src/stm32f1xx_hal_i2c.o
 .text.I2C_WaitOnFlagUntilTimeout
                0x000000000800ba6c       0xf4 ./Drivers/STM32F1xx_HAL_Driver/Src/stm32f1xx_hal_i2c.o
 .text.I2C_WaitOnMasterAddressFlagUntilTimeout
                0x000000000800bb60      0x140 ./Drivers/STM32F1xx_HAL_Driver/Src/stm32f1xx_hal_i2c.o
 .text.I2C_WaitOnTXEFlagUntilTimeout
                0x000000000800bca0       0x90 ./Drivers/STM32F1xx_HAL_Driver/Src/stm32f1xx_hal_i2c.o
 .text.I2C_WaitOnBTFFlagUntilTimeout
                0x000000000800bd30       0x90 ./Drivers/STM32F1xx_HAL_Driver/Src/stm32f1xx_hal_i2c.o
 .text.I2C_WaitOnRXNEFlagUntilTimeout
                0x000000000800bdc0       0xba ./Drivers/STM32F1xx_HAL_Driver/Src/stm32f1xx_hal_i2c.o
 .text.I2C_IsAcknowledgeFailed
                0x000000000800be7a       0x5c ./Drivers/STM32F1xx_HAL_Driver/Src/stm32f1xx_hal_i2c.o
 *fill*         0x000000000800bed6        0x2 
 .text.HAL_RCC_OscConfig
                0x000000000800bed8      0x504 ./Drivers/STM32F1xx_HAL_Driver/Src/stm32f1xx_hal_rcc.o
                0x000000000800bed8                HAL_RCC_OscConfig
 .text.HAL_RCC_ClockConfig
                0x000000000800c3dc      0x1d4 ./Drivers/STM32F1xx_HAL_Driver/Src/stm32f1xx_hal_rcc.o
                0x000000000800c3dc                HAL_RCC_ClockConfig
 .text.HAL_RCC_GetSysClockFreq
                0x000000000800c5b0       0xa8 ./Drivers/STM32F1xx_HAL_Driver/Src/stm32f1xx_hal_rcc.o
                0x000000000800c5b0                HAL_RCC_GetSysClockFreq
 .text.HAL_RCC_GetHCLKFreq
                0x000000000800c658       0x14 ./Drivers/STM32F1xx_HAL_Driver/Src/stm32f1xx_hal_rcc.o
                0x000000000800c658                HAL_RCC_GetHCLKFreq
 .text.HAL_RCC_GetPCLK1Freq
                0x000000000800c66c       0x28 ./Drivers/STM32F1xx_HAL_Driver/Src/stm32f1xx_hal_rcc.o
                0x000000000800c66c                HAL_RCC_GetPCLK1Freq
 .text.HAL_RCC_GetPCLK2Freq
                0x000000000800c694       0x28 ./Drivers/STM32F1xx_HAL_Driver/Src/stm32f1xx_hal_rcc.o
                0x000000000800c694                HAL_RCC_GetPCLK2Freq
 .text.RCC_Delay
                0x000000000800c6bc       0x3c ./Drivers/STM32F1xx_HAL_Driver/Src/stm32f1xx_hal_rcc.o
 .text.HAL_RCCEx_PeriphCLKConfig
                0x000000000800c6f8      0x16c ./Drivers/STM32F1xx_HAL_Driver/Src/stm32f1xx_hal_rcc_ex.o
                0x000000000800c6f8                HAL_RCCEx_PeriphCLKConfig
 .text.HAL_TIM_Base_Init
                0x000000000800c864       0x9e ./Drivers/STM32F1xx_HAL_Driver/Src/stm32f1xx_hal_tim.o
                0x000000000800c864                HAL_TIM_Base_Init
 *fill*         0x000000000800c902        0x2 
 .text.HAL_TIM_Base_Start_IT
                0x000000000800c904       0xc0 ./Drivers/STM32F1xx_HAL_Driver/Src/stm32f1xx_hal_tim.o
                0x000000000800c904                HAL_TIM_Base_Start_IT
 .text.HAL_TIM_PWM_Init
                0x000000000800c9c4       0x9e ./Drivers/STM32F1xx_HAL_Driver/Src/stm32f1xx_hal_tim.o
                0x000000000800c9c4                HAL_TIM_PWM_Init
 .text.HAL_TIM_PWM_MspInit
                0x000000000800ca62       0x12 ./Drivers/STM32F1xx_HAL_Driver/Src/stm32f1xx_hal_tim.o
                0x000000000800ca62                HAL_TIM_PWM_MspInit
 .text.HAL_TIM_PWM_Start
                0x000000000800ca74      0x174 ./Drivers/STM32F1xx_HAL_Driver/Src/stm32f1xx_hal_tim.o
                0x000000000800ca74                HAL_TIM_PWM_Start
 .text.HAL_TIM_IRQHandler
                0x000000000800cbe8      0x210 ./Drivers/STM32F1xx_HAL_Driver/Src/stm32f1xx_hal_tim.o
                0x000000000800cbe8                HAL_TIM_IRQHandler
 .text.HAL_TIM_PWM_ConfigChannel
                0x000000000800cdf8      0x184 ./Drivers/STM32F1xx_HAL_Driver/Src/stm32f1xx_hal_tim.o
                0x000000000800cdf8                HAL_TIM_PWM_ConfigChannel
 .text.HAL_TIM_ConfigClockSource
                0x000000000800cf7c      0x18e ./Drivers/STM32F1xx_HAL_Driver/Src/stm32f1xx_hal_tim.o
                0x000000000800cf7c                HAL_TIM_ConfigClockSource
 .text.HAL_TIM_PeriodElapsedCallback
                0x000000000800d10a       0x12 ./Drivers/STM32F1xx_HAL_Driver/Src/stm32f1xx_hal_tim.o
                0x000000000800d10a                HAL_TIM_PeriodElapsedCallback
 .text.HAL_TIM_OC_DelayElapsedCallback
                0x000000000800d11c       0x12 ./Drivers/STM32F1xx_HAL_Driver/Src/stm32f1xx_hal_tim.o
                0x000000000800d11c                HAL_TIM_OC_DelayElapsedCallback
 .text.HAL_TIM_IC_CaptureCallback
                0x000000000800d12e       0x12 ./Drivers/STM32F1xx_HAL_Driver/Src/stm32f1xx_hal_tim.o
                0x000000000800d12e                HAL_TIM_IC_CaptureCallback
 .text.HAL_TIM_PWM_PulseFinishedCallback
                0x000000000800d140       0x12 ./Drivers/STM32F1xx_HAL_Driver/Src/stm32f1xx_hal_tim.o
                0x000000000800d140                HAL_TIM_PWM_PulseFinishedCallback
 .text.HAL_TIM_TriggerCallback
                0x000000000800d152       0x12 ./Drivers/STM32F1xx_HAL_Driver/Src/stm32f1xx_hal_tim.o
                0x000000000800d152                HAL_TIM_TriggerCallback
 .text.TIM_Base_SetConfig
                0x000000000800d164       0xf4 ./Drivers/STM32F1xx_HAL_Driver/Src/stm32f1xx_hal_tim.o
                0x000000000800d164                TIM_Base_SetConfig
 .text.TIM_OC1_SetConfig
                0x000000000800d258       0xe0 ./Drivers/STM32F1xx_HAL_Driver/Src/stm32f1xx_hal_tim.o
 .text.TIM_OC2_SetConfig
                0x000000000800d338       0xe8 ./Drivers/STM32F1xx_HAL_Driver/Src/stm32f1xx_hal_tim.o
                0x000000000800d338                TIM_OC2_SetConfig
 .text.TIM_OC3_SetConfig
                0x000000000800d420       0xe8 ./Drivers/STM32F1xx_HAL_Driver/Src/stm32f1xx_hal_tim.o
 .text.TIM_OC4_SetConfig
                0x000000000800d508       0xa8 ./Drivers/STM32F1xx_HAL_Driver/Src/stm32f1xx_hal_tim.o
 .text.TIM_TI1_ConfigInputStage
                0x000000000800d5b0       0x5c ./Drivers/STM32F1xx_HAL_Driver/Src/stm32f1xx_hal_tim.o
 .text.TIM_TI2_ConfigInputStage
                0x000000000800d60c       0x5e ./Drivers/STM32F1xx_HAL_Driver/Src/stm32f1xx_hal_tim.o
 .text.TIM_ITRx_SetConfig
                0x000000000800d66a       0x34 ./Drivers/STM32F1xx_HAL_Driver/Src/stm32f1xx_hal_tim.o
 .text.TIM_ETR_SetConfig
                0x000000000800d69e       0x3e ./Drivers/STM32F1xx_HAL_Driver/Src/stm32f1xx_hal_tim.o
                0x000000000800d69e                TIM_ETR_SetConfig
 .text.TIM_CCxChannelCmd
                0x000000000800d6dc       0x48 ./Drivers/STM32F1xx_HAL_Driver/Src/stm32f1xx_hal_tim.o
                0x000000000800d6dc                TIM_CCxChannelCmd
 .text.HAL_TIMEx_MasterConfigSynchronization
                0x000000000800d724       0xd8 ./Drivers/STM32F1xx_HAL_Driver/Src/stm32f1xx_hal_tim_ex.o
                0x000000000800d724                HAL_TIMEx_MasterConfigSynchronization
 .text.HAL_TIMEx_CommutCallback
                0x000000000800d7fc       0x12 ./Drivers/STM32F1xx_HAL_Driver/Src/stm32f1xx_hal_tim_ex.o
                0x000000000800d7fc                HAL_TIMEx_CommutCallback
 .text.HAL_TIMEx_BreakCallback
                0x000000000800d80e       0x12 ./Drivers/STM32F1xx_HAL_Driver/Src/stm32f1xx_hal_tim_ex.o
                0x000000000800d80e                HAL_TIMEx_BreakCallback
 .text.HAL_UART_Init
                0x000000000800d820       0xa0 ./Drivers/STM32F1xx_HAL_Driver/Src/stm32f1xx_hal_uart.o
                0x000000000800d820                HAL_UART_Init
 .text.HAL_UART_DeInit
                0x000000000800d8c0       0x64 ./Drivers/STM32F1xx_HAL_Driver/Src/stm32f1xx_hal_uart.o
                0x000000000800d8c0                HAL_UART_DeInit
 .text.HAL_UART_Transmit
                0x000000000800d924      0x106 ./Drivers/STM32F1xx_HAL_Driver/Src/stm32f1xx_hal_uart.o
                0x000000000800d924                HAL_UART_Transmit
 .text.HAL_UART_Receive_DMA
                0x000000000800da2a       0x4a ./Drivers/STM32F1xx_HAL_Driver/Src/stm32f1xx_hal_uart.o
                0x000000000800da2a                HAL_UART_Receive_DMA
 .text.HAL_UART_IRQHandler
                0x000000000800da74      0x524 ./Drivers/STM32F1xx_HAL_Driver/Src/stm32f1xx_hal_uart.o
                0x000000000800da74                HAL_UART_IRQHandler
 .text.HAL_UART_TxCpltCallback
                0x000000000800df98       0x12 ./Drivers/STM32F1xx_HAL_Driver/Src/stm32f1xx_hal_uart.o
                0x000000000800df98                HAL_UART_TxCpltCallback
 .text.HAL_UART_RxHalfCpltCallback
                0x000000000800dfaa       0x12 ./Drivers/STM32F1xx_HAL_Driver/Src/stm32f1xx_hal_uart.o
                0x000000000800dfaa                HAL_UART_RxHalfCpltCallback
 .text.HAL_UARTEx_RxEventCallback
                0x000000000800dfbc       0x16 ./Drivers/STM32F1xx_HAL_Driver/Src/stm32f1xx_hal_uart.o
                0x000000000800dfbc                HAL_UARTEx_RxEventCallback
 .text.UART_DMAReceiveCplt
                0x000000000800dfd2      0x12c ./Drivers/STM32F1xx_HAL_Driver/Src/stm32f1xx_hal_uart.o
 .text.UART_DMARxHalfCplt
                0x000000000800e0fe       0x3c ./Drivers/STM32F1xx_HAL_Driver/Src/stm32f1xx_hal_uart.o
 .text.UART_DMAError
                0x000000000800e13a       0x94 ./Drivers/STM32F1xx_HAL_Driver/Src/stm32f1xx_hal_uart.o
 .text.UART_WaitOnFlagUntilTimeout
                0x000000000800e1ce       0xdc ./Drivers/STM32F1xx_HAL_Driver/Src/stm32f1xx_hal_uart.o
 *fill*         0x000000000800e2aa        0x2 
 .text.UART_Start_Receive_DMA
                0x000000000800e2ac      0x134 ./Drivers/STM32F1xx_HAL_Driver/Src/stm32f1xx_hal_uart.o
                0x000000000800e2ac                UART_Start_Receive_DMA
 .text.UART_EndTxTransfer
                0x000000000800e3e0       0x4e ./Drivers/STM32F1xx_HAL_Driver/Src/stm32f1xx_hal_uart.o
 .text.UART_EndRxTransfer
                0x000000000800e42e       0xc4 ./Drivers/STM32F1xx_HAL_Driver/Src/stm32f1xx_hal_uart.o
 .text.UART_DMAAbortOnError
                0x000000000800e4f2       0x28 ./Drivers/STM32F1xx_HAL_Driver/Src/stm32f1xx_hal_uart.o
 .text.UART_Transmit_IT
                0x000000000800e51a       0x9e ./Drivers/STM32F1xx_HAL_Driver/Src/stm32f1xx_hal_uart.o
 .text.UART_EndTransmit_IT
                0x000000000800e5b8       0x30 ./Drivers/STM32F1xx_HAL_Driver/Src/stm32f1xx_hal_uart.o
 .text.UART_Receive_IT
                0x000000000800e5e8      0x17c ./Drivers/STM32F1xx_HAL_Driver/Src/stm32f1xx_hal_uart.o
 .text.UART_SetConfig
                0x000000000800e764      0x11c ./Drivers/STM32F1xx_HAL_Driver/Src/stm32f1xx_hal_uart.o
 .text.__errno  0x000000000800e880        0xc c:/st/stm32cubeide_1.12.1/stm32cubeide/plugins/com.st.stm32cube.ide.mcu.externaltools.gnu-tools-for-stm32.10.3-2021.10.win32_1.0.200.202301161003/tools/bin/../lib/gcc/arm-none-eabi/10.3.1/../../../../arm-none-eabi/lib/thumb/v7-m/nofp\libc_nano.a(lib_a-errno.o)
                0x000000000800e880                __errno
 .text.__libc_init_array
                0x000000000800e88c       0x48 c:/st/stm32cubeide_1.12.1/stm32cubeide/plugins/com.st.stm32cube.ide.mcu.externaltools.gnu-tools-for-stm32.10.3-2021.10.win32_1.0.200.202301161003/tools/bin/../lib/gcc/arm-none-eabi/10.3.1/../../../../arm-none-eabi/lib/thumb/v7-m/nofp\libc_nano.a(lib_a-init.o)
                0x000000000800e88c                __libc_init_array
 .text.memcpy   0x000000000800e8d4       0x1c c:/st/stm32cubeide_1.12.1/stm32cubeide/plugins/com.st.stm32cube.ide.mcu.externaltools.gnu-tools-for-stm32.10.3-2021.10.win32_1.0.200.202301161003/tools/bin/../lib/gcc/arm-none-eabi/10.3.1/../../../../arm-none-eabi/lib/thumb/v7-m/nofp\libc_nano.a(lib_a-memcpy-stub.o)
                0x000000000800e8d4                memcpy
 .text.memset   0x000000000800e8f0       0x10 c:/st/stm32cubeide_1.12.1/stm32cubeide/plugins/com.st.stm32cube.ide.mcu.externaltools.gnu-tools-for-stm32.10.3-2021.10.win32_1.0.200.202301161003/tools/bin/../lib/gcc/arm-none-eabi/10.3.1/../../../../arm-none-eabi/lib/thumb/v7-m/nofp\libc_nano.a(lib_a-memset.o)
                0x000000000800e8f0                memset
 .text.printf   0x000000000800e900       0x30 c:/st/stm32cubeide_1.12.1/stm32cubeide/plugins/com.st.stm32cube.ide.mcu.externaltools.gnu-tools-for-stm32.10.3-2021.10.win32_1.0.200.202301161003/tools/bin/../lib/gcc/arm-none-eabi/10.3.1/../../../../arm-none-eabi/lib/thumb/v7-m/nofp\libc_nano.a(lib_a-printf.o)
                0x000000000800e900                iprintf
                0x000000000800e900                printf
 .text.strcpy   0x000000000800e930       0x10 c:/st/stm32cubeide_1.12.1/stm32cubeide/plugins/com.st.stm32cube.ide.mcu.externaltools.gnu-tools-for-stm32.10.3-2021.10.win32_1.0.200.202301161003/tools/bin/../lib/gcc/arm-none-eabi/10.3.1/../../../../arm-none-eabi/lib/thumb/v7-m/nofp\libc_nano.a(lib_a-strcpy.o)
                0x000000000800e930                strcpy
 .text.sulp     0x000000000800e940       0x42 c:/st/stm32cubeide_1.12.1/stm32cubeide/plugins/com.st.stm32cube.ide.mcu.externaltools.gnu-tools-for-stm32.10.3-2021.10.win32_1.0.200.202301161003/tools/bin/../lib/gcc/arm-none-eabi/10.3.1/../../../../arm-none-eabi/lib/thumb/v7-m/nofp\libc_nano.a(lib_a-strtod.o)
 *fill*         0x000000000800e982        0x6 
 .text._strtod_l
                0x000000000800e988      0xbd0 c:/st/stm32cubeide_1.12.1/stm32cubeide/plugins/com.st.stm32cube.ide.mcu.externaltools.gnu-tools-for-stm32.10.3-2021.10.win32_1.0.200.202301161003/tools/bin/../lib/gcc/arm-none-eabi/10.3.1/../../../../arm-none-eabi/lib/thumb/v7-m/nofp\libc_nano.a(lib_a-strtod.o)
                0x000000000800e988                _strtod_l
 .text.strtof   0x000000000800f558       0xa4 c:/st/stm32cubeide_1.12.1/stm32cubeide/plugins/com.st.stm32cube.ide.mcu.externaltools.gnu-tools-for-stm32.10.3-2021.10.win32_1.0.200.202301161003/tools/bin/../lib/gcc/arm-none-eabi/10.3.1/../../../../arm-none-eabi/lib/thumb/v7-m/nofp\libc_nano.a(lib_a-strtod.o)
                0x000000000800f558                strtof
 .text.__strtok_r
                0x000000000800f5fc       0x50 c:/st/stm32cubeide_1.12.1/stm32cubeide/plugins/com.st.stm32cube.ide.mcu.externaltools.gnu-tools-for-stm32.10.3-2021.10.win32_1.0.200.202301161003/tools/bin/../lib/gcc/arm-none-eabi/10.3.1/../../../../arm-none-eabi/lib/thumb/v7-m/nofp\libc_nano.a(lib_a-strtok_r.o)
                0x000000000800f5fc                __strtok_r
 .text.strtok_r
                0x000000000800f64c        0x6 c:/st/stm32cubeide_1.12.1/stm32cubeide/plugins/com.st.stm32cube.ide.mcu.externaltools.gnu-tools-for-stm32.10.3-2021.10.win32_1.0.200.202301161003/tools/bin/../lib/gcc/arm-none-eabi/10.3.1/../../../../arm-none-eabi/lib/thumb/v7-m/nofp\libc_nano.a(lib_a-strtok_r.o)
                0x000000000800f64c                strtok_r
 *fill*         0x000000000800f652        0x2 
 .text._strtoul_l.constprop.0
                0x000000000800f654       0xe4 c:/st/stm32cubeide_1.12.1/stm32cubeide/plugins/com.st.stm32cube.ide.mcu.externaltools.gnu-tools-for-stm32.10.3-2021.10.win32_1.0.200.202301161003/tools/bin/../lib/gcc/arm-none-eabi/10.3.1/../../../../arm-none-eabi/lib/thumb/v7-m/nofp\libc_nano.a(lib_a-strtoul.o)
 .text.strtoul  0x000000000800f738       0x14 c:/st/stm32cubeide_1.12.1/stm32cubeide/plugins/com.st.stm32cube.ide.mcu.externaltools.gnu-tools-for-stm32.10.3-2021.10.win32_1.0.200.202301161003/tools/bin/../lib/gcc/arm-none-eabi/10.3.1/../../../../arm-none-eabi/lib/thumb/v7-m/nofp\libc_nano.a(lib_a-strtoul.o)
                0x000000000800f738                strtoul
 .text._vsnprintf_r
                0x000000000800f74c       0x56 c:/st/stm32cubeide_1.12.1/stm32cubeide/plugins/com.st.stm32cube.ide.mcu.externaltools.gnu-tools-for-stm32.10.3-2021.10.win32_1.0.200.202301161003/tools/bin/../lib/gcc/arm-none-eabi/10.3.1/../../../../arm-none-eabi/lib/thumb/v7-m/nofp\libc_nano.a(lib_a-vsnprintf.o)
                0x000000000800f74c                _vsniprintf_r
                0x000000000800f74c                _vsnprintf_r
 *fill*         0x000000000800f7a2        0x2 
 .text.vsnprintf
                0x000000000800f7a4       0x1c c:/st/stm32cubeide_1.12.1/stm32cubeide/plugins/com.st.stm32cube.ide.mcu.externaltools.gnu-tools-for-stm32.10.3-2021.10.win32_1.0.200.202301161003/tools/bin/../lib/gcc/arm-none-eabi/10.3.1/../../../../arm-none-eabi/lib/thumb/v7-m/nofp\libc_nano.a(lib_a-vsnprintf.o)
                0x000000000800f7a4                vsniprintf
                0x000000000800f7a4                vsnprintf
 .text.std      0x000000000800f7c0       0x48 c:/st/stm32cubeide_1.12.1/stm32cubeide/plugins/com.st.stm32cube.ide.mcu.externaltools.gnu-tools-for-stm32.10.3-2021.10.win32_1.0.200.202301161003/tools/bin/../lib/gcc/arm-none-eabi/10.3.1/../../../../arm-none-eabi/lib/thumb/v7-m/nofp\libc_nano.a(lib_a-findfp.o)
 .text._cleanup_r
                0x000000000800f808        0xc c:/st/stm32cubeide_1.12.1/stm32cubeide/plugins/com.st.stm32cube.ide.mcu.externaltools.gnu-tools-for-stm32.10.3-2021.10.win32_1.0.200.202301161003/tools/bin/../lib/gcc/arm-none-eabi/10.3.1/../../../../arm-none-eabi/lib/thumb/v7-m/nofp\libc_nano.a(lib_a-findfp.o)
                0x000000000800f808                _cleanup_r
 .text.__sfmoreglue
                0x000000000800f814       0x2c c:/st/stm32cubeide_1.12.1/stm32cubeide/plugins/com.st.stm32cube.ide.mcu.externaltools.gnu-tools-for-stm32.10.3-2021.10.win32_1.0.200.202301161003/tools/bin/../lib/gcc/arm-none-eabi/10.3.1/../../../../arm-none-eabi/lib/thumb/v7-m/nofp\libc_nano.a(lib_a-findfp.o)
                0x000000000800f814                __sfmoreglue
 .text.__sfp_lock_acquire
                0x000000000800f840        0xc c:/st/stm32cubeide_1.12.1/stm32cubeide/plugins/com.st.stm32cube.ide.mcu.externaltools.gnu-tools-for-stm32.10.3-2021.10.win32_1.0.200.202301161003/tools/bin/../lib/gcc/arm-none-eabi/10.3.1/../../../../arm-none-eabi/lib/thumb/v7-m/nofp\libc_nano.a(lib_a-findfp.o)
                0x000000000800f840                __sfp_lock_acquire
 .text.__sfp_lock_release
                0x000000000800f84c        0xc c:/st/stm32cubeide_1.12.1/stm32cubeide/plugins/com.st.stm32cube.ide.mcu.externaltools.gnu-tools-for-stm32.10.3-2021.10.win32_1.0.200.202301161003/tools/bin/../lib/gcc/arm-none-eabi/10.3.1/../../../../arm-none-eabi/lib/thumb/v7-m/nofp\libc_nano.a(lib_a-findfp.o)
                0x000000000800f84c                __sfp_lock_release
 .text.__sinit_lock_acquire
                0x000000000800f858        0xc c:/st/stm32cubeide_1.12.1/stm32cubeide/plugins/com.st.stm32cube.ide.mcu.externaltools.gnu-tools-for-stm32.10.3-2021.10.win32_1.0.200.202301161003/tools/bin/../lib/gcc/arm-none-eabi/10.3.1/../../../../arm-none-eabi/lib/thumb/v7-m/nofp\libc_nano.a(lib_a-findfp.o)
                0x000000000800f858                __sinit_lock_acquire
 .text.__sinit_lock_release
                0x000000000800f864        0xc c:/st/stm32cubeide_1.12.1/stm32cubeide/plugins/com.st.stm32cube.ide.mcu.externaltools.gnu-tools-for-stm32.10.3-2021.10.win32_1.0.200.202301161003/tools/bin/../lib/gcc/arm-none-eabi/10.3.1/../../../../arm-none-eabi/lib/thumb/v7-m/nofp\libc_nano.a(lib_a-findfp.o)
                0x000000000800f864                __sinit_lock_release
 .text.__sinit  0x000000000800f870       0x70 c:/st/stm32cubeide_1.12.1/stm32cubeide/plugins/com.st.stm32cube.ide.mcu.externaltools.gnu-tools-for-stm32.10.3-2021.10.win32_1.0.200.202301161003/tools/bin/../lib/gcc/arm-none-eabi/10.3.1/../../../../arm-none-eabi/lib/thumb/v7-m/nofp\libc_nano.a(lib_a-findfp.o)
                0x000000000800f870                __sinit
 .text.__sfp    0x000000000800f8e0       0x8c c:/st/stm32cubeide_1.12.1/stm32cubeide/plugins/com.st.stm32cube.ide.mcu.externaltools.gnu-tools-for-stm32.10.3-2021.10.win32_1.0.200.202301161003/tools/bin/../lib/gcc/arm-none-eabi/10.3.1/../../../../arm-none-eabi/lib/thumb/v7-m/nofp\libc_nano.a(lib_a-findfp.o)
                0x000000000800f8e0                __sfp
 .text._fwalk_reent
                0x000000000800f96c       0x3e c:/st/stm32cubeide_1.12.1/stm32cubeide/plugins/com.st.stm32cube.ide.mcu.externaltools.gnu-tools-for-stm32.10.3-2021.10.win32_1.0.200.202301161003/tools/bin/../lib/gcc/arm-none-eabi/10.3.1/../../../../arm-none-eabi/lib/thumb/v7-m/nofp\libc_nano.a(lib_a-fwalk.o)
                0x000000000800f96c                _fwalk_reent
 .text.rshift   0x000000000800f9aa       0xa6 c:/st/stm32cubeide_1.12.1/stm32cubeide/plugins/com.st.stm32cube.ide.mcu.externaltools.gnu-tools-for-stm32.10.3-2021.10.win32_1.0.200.202301161003/tools/bin/../lib/gcc/arm-none-eabi/10.3.1/../../../../arm-none-eabi/lib/thumb/v7-m/nofp\libc_nano.a(lib_a-gdtoa-gethex.o)
 .text.__hexdig_fun
                0x000000000800fa50       0x2a c:/st/stm32cubeide_1.12.1/stm32cubeide/plugins/com.st.stm32cube.ide.mcu.externaltools.gnu-tools-for-stm32.10.3-2021.10.win32_1.0.200.202301161003/tools/bin/../lib/gcc/arm-none-eabi/10.3.1/../../../../arm-none-eabi/lib/thumb/v7-m/nofp\libc_nano.a(lib_a-gdtoa-gethex.o)
                0x000000000800fa50                __hexdig_fun
 *fill*         0x000000000800fa7a        0x2 
 .text.__gethex
                0x000000000800fa7c      0x478 c:/st/stm32cubeide_1.12.1/stm32cubeide/plugins/com.st.stm32cube.ide.mcu.externaltools.gnu-tools-for-stm32.10.3-2021.10.win32_1.0.200.202301161003/tools/bin/../lib/gcc/arm-none-eabi/10.3.1/../../../../arm-none-eabi/lib/thumb/v7-m/nofp\libc_nano.a(lib_a-gdtoa-gethex.o)
                0x000000000800fa7c                __gethex
 .text.L_shift  0x000000000800fef4       0x24 c:/st/stm32cubeide_1.12.1/stm32cubeide/plugins/com.st.stm32cube.ide.mcu.externaltools.gnu-tools-for-stm32.10.3-2021.10.win32_1.0.200.202301161003/tools/bin/../lib/gcc/arm-none-eabi/10.3.1/../../../../arm-none-eabi/lib/thumb/v7-m/nofp\libc_nano.a(lib_a-gdtoa-hexnan.o)
 .text.__match  0x000000000800ff18       0x28 c:/st/stm32cubeide_1.12.1/stm32cubeide/plugins/com.st.stm32cube.ide.mcu.externaltools.gnu-tools-for-stm32.10.3-2021.10.win32_1.0.200.202301161003/tools/bin/../lib/gcc/arm-none-eabi/10.3.1/../../../../arm-none-eabi/lib/thumb/v7-m/nofp\libc_nano.a(lib_a-gdtoa-hexnan.o)
                0x000000000800ff18                __match
 .text.__hexnan
                0x000000000800ff40      0x138 c:/st/stm32cubeide_1.12.1/stm32cubeide/plugins/com.st.stm32cube.ide.mcu.externaltools.gnu-tools-for-stm32.10.3-2021.10.win32_1.0.200.202301161003/tools/bin/../lib/gcc/arm-none-eabi/10.3.1/../../../../arm-none-eabi/lib/thumb/v7-m/nofp\libc_nano.a(lib_a-gdtoa-hexnan.o)
                0x000000000800ff40                __hexnan
 .text.__retarget_lock_init_recursive
                0x0000000008010078        0x2 c:/st/stm32cubeide_1.12.1/stm32cubeide/plugins/com.st.stm32cube.ide.mcu.externaltools.gnu-tools-for-stm32.10.3-2021.10.win32_1.0.200.202301161003/tools/bin/../lib/gcc/arm-none-eabi/10.3.1/../../../../arm-none-eabi/lib/thumb/v7-m/nofp\libc_nano.a(lib_a-lock.o)
                0x0000000008010078                __retarget_lock_init_recursive
 .text.__retarget_lock_acquire_recursive
                0x000000000801007a        0x2 c:/st/stm32cubeide_1.12.1/stm32cubeide/plugins/com.st.stm32cube.ide.mcu.externaltools.gnu-tools-for-stm32.10.3-2021.10.win32_1.0.200.202301161003/tools/bin/../lib/gcc/arm-none-eabi/10.3.1/../../../../arm-none-eabi/lib/thumb/v7-m/nofp\libc_nano.a(lib_a-lock.o)
                0x000000000801007a                __retarget_lock_acquire_recursive
 .text.__retarget_lock_release_recursive
                0x000000000801007c        0x2 c:/st/stm32cubeide_1.12.1/stm32cubeide/plugins/com.st.stm32cube.ide.mcu.externaltools.gnu-tools-for-stm32.10.3-2021.10.win32_1.0.200.202301161003/tools/bin/../lib/gcc/arm-none-eabi/10.3.1/../../../../arm-none-eabi/lib/thumb/v7-m/nofp\libc_nano.a(lib_a-lock.o)
                0x000000000801007c                __retarget_lock_release_recursive
 .text.__ascii_mbtowc
                0x000000000801007e       0x24 c:/st/stm32cubeide_1.12.1/stm32cubeide/plugins/com.st.stm32cube.ide.mcu.externaltools.gnu-tools-for-stm32.10.3-2021.10.win32_1.0.200.202301161003/tools/bin/../lib/gcc/arm-none-eabi/10.3.1/../../../../arm-none-eabi/lib/thumb/v7-m/nofp\libc_nano.a(lib_a-mbtowc_r.o)
                0x000000000801007e                __ascii_mbtowc
 *fill*         0x00000000080100a2        0x2 
 .text._Balloc  0x00000000080100a4       0x80 c:/st/stm32cubeide_1.12.1/stm32cubeide/plugins/com.st.stm32cube.ide.mcu.externaltools.gnu-tools-for-stm32.10.3-2021.10.win32_1.0.200.202301161003/tools/bin/../lib/gcc/arm-none-eabi/10.3.1/../../../../arm-none-eabi/lib/thumb/v7-m/nofp\libc_nano.a(lib_a-mprec.o)
                0x00000000080100a4                _Balloc
 .text._Bfree   0x0000000008010124       0x44 c:/st/stm32cubeide_1.12.1/stm32cubeide/plugins/com.st.stm32cube.ide.mcu.externaltools.gnu-tools-for-stm32.10.3-2021.10.win32_1.0.200.202301161003/tools/bin/../lib/gcc/arm-none-eabi/10.3.1/../../../../arm-none-eabi/lib/thumb/v7-m/nofp\libc_nano.a(lib_a-mprec.o)
                0x0000000008010124                _Bfree
 .text.__multadd
                0x0000000008010168       0x8c c:/st/stm32cubeide_1.12.1/stm32cubeide/plugins/com.st.stm32cube.ide.mcu.externaltools.gnu-tools-for-stm32.10.3-2021.10.win32_1.0.200.202301161003/tools/bin/../lib/gcc/arm-none-eabi/10.3.1/../../../../arm-none-eabi/lib/thumb/v7-m/nofp\libc_nano.a(lib_a-mprec.o)
                0x0000000008010168                __multadd
 .text.__s2b    0x00000000080101f4       0x94 c:/st/stm32cubeide_1.12.1/stm32cubeide/plugins/com.st.stm32cube.ide.mcu.externaltools.gnu-tools-for-stm32.10.3-2021.10.win32_1.0.200.202301161003/tools/bin/../lib/gcc/arm-none-eabi/10.3.1/../../../../arm-none-eabi/lib/thumb/v7-m/nofp\libc_nano.a(lib_a-mprec.o)
                0x00000000080101f4                __s2b
 .text.__hi0bits
                0x0000000008010288       0x40 c:/st/stm32cubeide_1.12.1/stm32cubeide/plugins/com.st.stm32cube.ide.mcu.externaltools.gnu-tools-for-stm32.10.3-2021.10.win32_1.0.200.202301161003/tools/bin/../lib/gcc/arm-none-eabi/10.3.1/../../../../arm-none-eabi/lib/thumb/v7-m/nofp\libc_nano.a(lib_a-mprec.o)
                0x0000000008010288                __hi0bits
 .text.__lo0bits
                0x00000000080102c8       0x5a c:/st/stm32cubeide_1.12.1/stm32cubeide/plugins/com.st.stm32cube.ide.mcu.externaltools.gnu-tools-for-stm32.10.3-2021.10.win32_1.0.200.202301161003/tools/bin/../lib/gcc/arm-none-eabi/10.3.1/../../../../arm-none-eabi/lib/thumb/v7-m/nofp\libc_nano.a(lib_a-mprec.o)
                0x00000000080102c8                __lo0bits
 *fill*         0x0000000008010322        0x2 
 .text.__i2b    0x0000000008010324       0x2c c:/st/stm32cubeide_1.12.1/stm32cubeide/plugins/com.st.stm32cube.ide.mcu.externaltools.gnu-tools-for-stm32.10.3-2021.10.win32_1.0.200.202301161003/tools/bin/../lib/gcc/arm-none-eabi/10.3.1/../../../../arm-none-eabi/lib/thumb/v7-m/nofp\libc_nano.a(lib_a-mprec.o)
                0x0000000008010324                __i2b
 .text.__multiply
                0x0000000008010350      0x150 c:/st/stm32cubeide_1.12.1/stm32cubeide/plugins/com.st.stm32cube.ide.mcu.externaltools.gnu-tools-for-stm32.10.3-2021.10.win32_1.0.200.202301161003/tools/bin/../lib/gcc/arm-none-eabi/10.3.1/../../../../arm-none-eabi/lib/thumb/v7-m/nofp\libc_nano.a(lib_a-mprec.o)
                0x0000000008010350                __multiply
 .text.__pow5mult
                0x00000000080104a0       0xb4 c:/st/stm32cubeide_1.12.1/stm32cubeide/plugins/com.st.stm32cube.ide.mcu.externaltools.gnu-tools-for-stm32.10.3-2021.10.win32_1.0.200.202301161003/tools/bin/../lib/gcc/arm-none-eabi/10.3.1/../../../../arm-none-eabi/lib/thumb/v7-m/nofp\libc_nano.a(lib_a-mprec.o)
                0x00000000080104a0                __pow5mult
 .text.__lshift
                0x0000000008010554       0xe0 c:/st/stm32cubeide_1.12.1/stm32cubeide/plugins/com.st.stm32cube.ide.mcu.externaltools.gnu-tools-for-stm32.10.3-2021.10.win32_1.0.200.202301161003/tools/bin/../lib/gcc/arm-none-eabi/10.3.1/../../../../arm-none-eabi/lib/thumb/v7-m/nofp\libc_nano.a(lib_a-mprec.o)
                0x0000000008010554                __lshift
 .text.__mcmp   0x0000000008010634       0x36 c:/st/stm32cubeide_1.12.1/stm32cubeide/plugins/com.st.stm32cube.ide.mcu.externaltools.gnu-tools-for-stm32.10.3-2021.10.win32_1.0.200.202301161003/tools/bin/../lib/gcc/arm-none-eabi/10.3.1/../../../../arm-none-eabi/lib/thumb/v7-m/nofp\libc_nano.a(lib_a-mprec.o)
                0x0000000008010634                __mcmp
 *fill*         0x000000000801066a        0x2 
 .text.__mdiff  0x000000000801066c      0x118 c:/st/stm32cubeide_1.12.1/stm32cubeide/plugins/com.st.stm32cube.ide.mcu.externaltools.gnu-tools-for-stm32.10.3-2021.10.win32_1.0.200.202301161003/tools/bin/../lib/gcc/arm-none-eabi/10.3.1/../../../../arm-none-eabi/lib/thumb/v7-m/nofp\libc_nano.a(lib_a-mprec.o)
                0x000000000801066c                __mdiff
 .text.__ulp    0x0000000008010784       0x4c c:/st/stm32cubeide_1.12.1/stm32cubeide/plugins/com.st.stm32cube.ide.mcu.externaltools.gnu-tools-for-stm32.10.3-2021.10.win32_1.0.200.202301161003/tools/bin/../lib/gcc/arm-none-eabi/10.3.1/../../../../arm-none-eabi/lib/thumb/v7-m/nofp\libc_nano.a(lib_a-mprec.o)
                0x0000000008010784                __ulp
 .text.__b2d    0x00000000080107d0       0xa8 c:/st/stm32cubeide_1.12.1/stm32cubeide/plugins/com.st.stm32cube.ide.mcu.externaltools.gnu-tools-for-stm32.10.3-2021.10.win32_1.0.200.202301161003/tools/bin/../lib/gcc/arm-none-eabi/10.3.1/../../../../arm-none-eabi/lib/thumb/v7-m/nofp\libc_nano.a(lib_a-mprec.o)
                0x00000000080107d0                __b2d
 .text.__d2b    0x0000000008010878       0xb8 c:/st/stm32cubeide_1.12.1/stm32cubeide/plugins/com.st.stm32cube.ide.mcu.externaltools.gnu-tools-for-stm32.10.3-2021.10.win32_1.0.200.202301161003/tools/bin/../lib/gcc/arm-none-eabi/10.3.1/../../../../arm-none-eabi/lib/thumb/v7-m/nofp\libc_nano.a(lib_a-mprec.o)
                0x0000000008010878                __d2b
 .text.__ratio  0x0000000008010930       0x5c c:/st/stm32cubeide_1.12.1/stm32cubeide/plugins/com.st.stm32cube.ide.mcu.externaltools.gnu-tools-for-stm32.10.3-2021.10.win32_1.0.200.202301161003/tools/bin/../lib/gcc/arm-none-eabi/10.3.1/../../../../arm-none-eabi/lib/thumb/v7-m/nofp\libc_nano.a(lib_a-mprec.o)
                0x0000000008010930                __ratio
 .text.__copybits
                0x000000000801098c       0x46 c:/st/stm32cubeide_1.12.1/stm32cubeide/plugins/com.st.stm32cube.ide.mcu.externaltools.gnu-tools-for-stm32.10.3-2021.10.win32_1.0.200.202301161003/tools/bin/../lib/gcc/arm-none-eabi/10.3.1/../../../../arm-none-eabi/lib/thumb/v7-m/nofp\libc_nano.a(lib_a-mprec.o)
                0x000000000801098c                __copybits
 .text.__any_on
                0x00000000080109d2       0x42 c:/st/stm32cubeide_1.12.1/stm32cubeide/plugins/com.st.stm32cube.ide.mcu.externaltools.gnu-tools-for-stm32.10.3-2021.10.win32_1.0.200.202301161003/tools/bin/../lib/gcc/arm-none-eabi/10.3.1/../../../../arm-none-eabi/lib/thumb/v7-m/nofp\libc_nano.a(lib_a-mprec.o)
                0x00000000080109d2                __any_on
 .text._calloc_r
                0x0000000008010a14       0x28 c:/st/stm32cubeide_1.12.1/stm32cubeide/plugins/com.st.stm32cube.ide.mcu.externaltools.gnu-tools-for-stm32.10.3-2021.10.win32_1.0.200.202301161003/tools/bin/../lib/gcc/arm-none-eabi/10.3.1/../../../../arm-none-eabi/lib/thumb/v7-m/nofp\libc_nano.a(lib_a-nano-callocr.o)
                0x0000000008010a14                _calloc_r
 .text.sbrk_aligned
                0x0000000008010a3c       0x40 c:/st/stm32cubeide_1.12.1/stm32cubeide/plugins/com.st.stm32cube.ide.mcu.externaltools.gnu-tools-for-stm32.10.3-2021.10.win32_1.0.200.202301161003/tools/bin/../lib/gcc/arm-none-eabi/10.3.1/../../../../arm-none-eabi/lib/thumb/v7-m/nofp\libc_nano.a(lib_a-nano-mallocr.o)
 .text._malloc_r
                0x0000000008010a7c       0xe8 c:/st/stm32cubeide_1.12.1/stm32cubeide/plugins/com.st.stm32cube.ide.mcu.externaltools.gnu-tools-for-stm32.10.3-2021.10.win32_1.0.200.202301161003/tools/bin/../lib/gcc/arm-none-eabi/10.3.1/../../../../arm-none-eabi/lib/thumb/v7-m/nofp\libc_nano.a(lib_a-nano-mallocr.o)
                0x0000000008010a7c                _malloc_r
 .text.__ssputs_r
                0x0000000008010b64       0xb6 c:/st/stm32cubeide_1.12.1/stm32cubeide/plugins/com.st.stm32cube.ide.mcu.externaltools.gnu-tools-for-stm32.10.3-2021.10.win32_1.0.200.202301161003/tools/bin/../lib/gcc/arm-none-eabi/10.3.1/../../../../arm-none-eabi/lib/thumb/v7-m/nofp\libc_nano.a(lib_a-nano-svfprintf.o)
                0x0000000008010b64                __ssputs_r
 *fill*         0x0000000008010c1a        0x2 
 .text._svfprintf_r
                0x0000000008010c1c      0x200 c:/st/stm32cubeide_1.12.1/stm32cubeide/plugins/com.st.stm32cube.ide.mcu.externaltools.gnu-tools-for-stm32.10.3-2021.10.win32_1.0.200.202301161003/tools/bin/../lib/gcc/arm-none-eabi/10.3.1/../../../../arm-none-eabi/lib/thumb/v7-m/nofp\libc_nano.a(lib_a-nano-svfprintf.o)
                0x0000000008010c1c                _svfiprintf_r
                0x0000000008010c1c                _svfprintf_r
 .text.__sfputc_r
                0x0000000008010e1c       0x2a c:/st/stm32cubeide_1.12.1/stm32cubeide/plugins/com.st.stm32cube.ide.mcu.externaltools.gnu-tools-for-stm32.10.3-2021.10.win32_1.0.200.202301161003/tools/bin/../lib/gcc/arm-none-eabi/10.3.1/../../../../arm-none-eabi/lib/thumb/v7-m/nofp\libc_nano.a(lib_a-nano-vfprintf.o)
 .text.__sfputs_r
                0x0000000008010e46       0x24 c:/st/stm32cubeide_1.12.1/stm32cubeide/plugins/com.st.stm32cube.ide.mcu.externaltools.gnu-tools-for-stm32.10.3-2021.10.win32_1.0.200.202301161003/tools/bin/../lib/gcc/arm-none-eabi/10.3.1/../../../../arm-none-eabi/lib/thumb/v7-m/nofp\libc_nano.a(lib_a-nano-vfprintf.o)
                0x0000000008010e46                __sfputs_r
 *fill*         0x0000000008010e6a        0x2 
 .text._vfprintf_r
                0x0000000008010e6c      0x260 c:/st/stm32cubeide_1.12.1/stm32cubeide/plugins/com.st.stm32cube.ide.mcu.externaltools.gnu-tools-for-stm32.10.3-2021.10.win32_1.0.200.202301161003/tools/bin/../lib/gcc/arm-none-eabi/10.3.1/../../../../arm-none-eabi/lib/thumb/v7-m/nofp\libc_nano.a(lib_a-nano-vfprintf.o)
                0x0000000008010e6c                _vfprintf_r
                0x0000000008010e6c                _vfiprintf_r
 .text._printf_common
                0x00000000080110cc       0xde c:/st/stm32cubeide_1.12.1/stm32cubeide/plugins/com.st.stm32cube.ide.mcu.externaltools.gnu-tools-for-stm32.10.3-2021.10.win32_1.0.200.202301161003/tools/bin/../lib/gcc/arm-none-eabi/10.3.1/../../../../arm-none-eabi/lib/thumb/v7-m/nofp\libc_nano.a(lib_a-nano-vfprintf_i.o)
                0x00000000080110cc                _printf_common
 *fill*         0x00000000080111aa        0x2 
 .text._printf_i
                0x00000000080111ac      0x24c c:/st/stm32cubeide_1.12.1/stm32cubeide/plugins/com.st.stm32cube.ide.mcu.externaltools.gnu-tools-for-stm32.10.3-2021.10.win32_1.0.200.202301161003/tools/bin/../lib/gcc/arm-none-eabi/10.3.1/../../../../arm-none-eabi/lib/thumb/v7-m/nofp\libc_nano.a(lib_a-nano-vfprintf_i.o)
                0x00000000080111ac                _printf_i
 .text.nan      0x00000000080113f8        0xc c:/st/stm32cubeide_1.12.1/stm32cubeide/plugins/com.st.stm32cube.ide.mcu.externaltools.gnu-tools-for-stm32.10.3-2021.10.win32_1.0.200.202301161003/tools/bin/../lib/gcc/arm-none-eabi/10.3.1/../../../../arm-none-eabi/lib/thumb/v7-m/nofp\libc_nano.a(lib_a-s_nan.o)
                0x00000000080113f8                nan
 .text._sbrk_r  0x0000000008011404       0x20 c:/st/stm32cubeide_1.12.1/stm32cubeide/plugins/com.st.stm32cube.ide.mcu.externaltools.gnu-tools-for-stm32.10.3-2021.10.win32_1.0.200.202301161003/tools/bin/../lib/gcc/arm-none-eabi/10.3.1/../../../../arm-none-eabi/lib/thumb/v7-m/nofp\libc_nano.a(lib_a-sbrkr.o)
                0x0000000008011404                _sbrk_r
 .text.nanf     0x0000000008011424        0x8 c:/st/stm32cubeide_1.12.1/stm32cubeide/plugins/com.st.stm32cube.ide.mcu.externaltools.gnu-tools-for-stm32.10.3-2021.10.win32_1.0.200.202301161003/tools/bin/../lib/gcc/arm-none-eabi/10.3.1/../../../../arm-none-eabi/lib/thumb/v7-m/nofp\libc_nano.a(lib_a-sf_nan.o)
                0x0000000008011424                nanf
 .text.__sread  0x000000000801142c       0x22 c:/st/stm32cubeide_1.12.1/stm32cubeide/plugins/com.st.stm32cube.ide.mcu.externaltools.gnu-tools-for-stm32.10.3-2021.10.win32_1.0.200.202301161003/tools/bin/../lib/gcc/arm-none-eabi/10.3.1/../../../../arm-none-eabi/lib/thumb/v7-m/nofp\libc_nano.a(lib_a-stdio.o)
                0x000000000801142c                __sread
 .text.__swrite
                0x000000000801144e       0x38 c:/st/stm32cubeide_1.12.1/stm32cubeide/plugins/com.st.stm32cube.ide.mcu.externaltools.gnu-tools-for-stm32.10.3-2021.10.win32_1.0.200.202301161003/tools/bin/../lib/gcc/arm-none-eabi/10.3.1/../../../../arm-none-eabi/lib/thumb/v7-m/nofp\libc_nano.a(lib_a-stdio.o)
                0x000000000801144e                __swrite
 .text.__sseek  0x0000000008011486       0x24 c:/st/stm32cubeide_1.12.1/stm32cubeide/plugins/com.st.stm32cube.ide.mcu.externaltools.gnu-tools-for-stm32.10.3-2021.10.win32_1.0.200.202301161003/tools/bin/../lib/gcc/arm-none-eabi/10.3.1/../../../../arm-none-eabi/lib/thumb/v7-m/nofp\libc_nano.a(lib_a-stdio.o)
                0x0000000008011486                __sseek
 .text.__sclose