../Core/Src/stm32f1xx_it.c:87:6:NMI_Handler	4	static
../Core/Src/stm32f1xx_it.c:100:6:HardFault_Handler	4	static
../Core/Src/stm32f1xx_it.c:113:6:MemManage_Handler	4	static
../Core/Src/stm32f1xx_it.c:126:6:BusFault_Handler	4	static
../Core/Src/stm32f1xx_it.c:139:6:UsageFault_Handler	4	static
../Core/Src/stm32f1xx_it.c:152:6:SVC_Handler	4	static
../Core/Src/stm32f1xx_it.c:164:6:DebugMon_Handler	4	static
../Core/Src/stm32f1xx_it.c:176:6:PendSV_Handler	4	static
../Core/Src/stm32f1xx_it.c:188:6:SysTick_Handler	8	static
../Core/Src/stm32f1xx_it.c:208:6:DMA1_Channel1_IRQHandler	8	static
../Core/Src/stm32f1xx_it.c:221:6:DMA1_Channel3_IRQHandler	8	static
../Core/Src/stm32f1xx_it.c:234:6:DMA1_Channel5_IRQHandler	8	static
../Core/Src/stm32f1xx_it.c:247:6:DMA1_Channel6_IRQHandler	8	static
../Core/Src/stm32f1xx_it.c:260:6:USB_HP_CAN1_TX_IRQHandler	8	static
../Core/Src/stm32f1xx_it.c:274:6:USB_LP_CAN1_RX0_IRQHandler	32	static
../Core/Src/stm32f1xx_it.c:330:6:CAN1_RX1_IRQHandler	8	static
../Core/Src/stm32f1xx_it.c:342:6:CAN1_SCE_IRQHandler	8	static
../Core/Src/stm32f1xx_it.c:355:6:TIM3_IRQHandler	8	static
../Core/Src/stm32f1xx_it.c:411:6:TIM4_IRQHandler	8	static
../Core/Src/stm32f1xx_it.c:424:6:USART1_IRQHandler	8	static
../Core/Src/stm32f1xx_it.c:437:6:USART2_IRQHandler	8	static
../Core/Src/stm32f1xx_it.c:450:6:USART3_IRQHandler	8	static
../Core/Src/stm32f1xx_it.c:463:6:UART4_IRQHandler	8	static
../Core/Src/stm32f1xx_it.c:476:6:DMA2_Channel3_IRQHandler	8	static
