../Core/bsp/cli.c:113:6:cliInit	8	static
../Core/bsp/cli.c:145:6:cliOpen	16	static
../Core/bsp/cli.c:154:6:cliOpenLog	24	static
../Core/bsp/cli.c:168:6:cliLogClose	4	static
../Core/bsp/cli.c:173:6:cliShowLog	24	static
../Core/bsp/cli.c:191:6:cliShowPrompt	16	static
../Core/bsp/cli.c:196:6:cliMain	8	static
../Core/bsp/cli.c:208:10:cliAvailable	8	static
../Core/bsp/cli.c:212:9:cliRead	8	static
../Core/bsp/cli.c:216:10:cliWrite	16	static
../Core/bsp/cli.c:220:6:cliUpdate	56	static
../Core/bsp/cli.c:402:6:cliLineClean	16	static
../Core/bsp/cli.c:409:6:cliLineAdd	16	static
../Core/bsp/cli.c:422:6:cliLineChange	24	static
../Core/bsp/cli.c:454:6:cliRunCmd	24	static
../Core/bsp/cli.c:475:6:cliParseArgs	40	static
../Core/bsp/cli.c:505:6:cliPrintf	24	static
../Core/bsp/cli.c:517:6:cliToUpper	24	static
../Core/bsp/cli.c:539:9:cliArgsGetData	24	static
../Core/bsp/cli.c:553:7:cliArgsGetFloat	24	static
../Core/bsp/cli.c:567:7:cliArgsGetStr	24	static
../Core/bsp/cli.c:580:6:cliArgsIsStr	24	static
../Core/bsp/cli.c:595:6:cliKeepLoop	16	static
../Core/bsp/cli.c:605:6:cliAdd	32	static
../Core/bsp/cli.c:626:6:cliShowList	24	static
../Core/bsp/cli.c:646:6:cli_drv_sqc	32	static
../Core/bsp/cli.c:693:6:cli_sentype_sqc	32	static
../Core/bsp/cli.c:740:6:cli_speed_offset_sqc	32	static
../Core/bsp/cli.c:781:6:cli_speed_low_sqc	32	static
../Core/bsp/cli.c:821:6:cli_speed_high_sqc	32	static
../Core/bsp/cli.c:862:6:cli_remote_sqc	32	static
../Core/bsp/cli.c:908:6:cli_battery_sqc	32	static
../Core/bsp/cli.c:956:6:cli_valve_sqc	32	static
../Core/bsp/cli.c:1005:6:cli_rtk_sqc	32	static
../Core/bsp/cli.c:1055:6:cli_info_sqc	24	static
../Core/bsp/cli.c:1100:6:cli_eep_save_sqc	24	static
../Core/bsp/cli.c:1122:6:cli_str_test_sqc	32	static
