../Core/bsp/keyscan.c:11:6:GPIO_Configuration	48	static
../Core/bsp/keyscan.c:176:6:DRV_Start	4	static
../Core/bsp/keyscan.c:186:6:STR_Start	4	static
../Core/bsp/keyscan.c:208:6:LK_FlagClear	4	static
../Core/bsp/keyscan.c:231:9:is_NotUrgency	8	static
../Core/bsp/keyscan.c:278:6:Drive_REQ	16	static
../Core/bsp/keyscan.c:469:6:Lkey_Action	8	static
../Core/bsp/keyscan.c:523:6:Comm_Action	8	static
../Core/bsp/keyscan.c:565:6:Rkey_Action	64	static
../Core/bsp/keyscan.c:689:9:Key_IdentChk	16	static
../Core/bsp/keyscan.c:704:9:Comm_IdentChk	16	static
../Core/bsp/keyscan.c:731:9:RFR_IdentChk	16	static
../Core/bsp/keyscan.c:784:6:LKEY_Check	16	static
../Core/bsp/keyscan.c:873:6:RKEY_Check	16	static
../Core/bsp/keyscan.c:944:9:isAutoCondition	4	static
../Core/bsp/keyscan.c:953:6:SMART_check	16	static
../Core/bsp/keyscan.c:970:6:LKAUTO_CHKSeq	8	static
../Core/bsp/keyscan.c:1093:6:RFR_MainCheck	8	static
../Core/bsp/keyscan.c:1171:6:User_Interface	8	static
