../Core/bsp/keyscan.c:11:6:GPIO_Configuration	48	static
../Core/bsp/keyscan.c:176:6:DRV_Start	4	static
../Core/bsp/keyscan.c:186:6:STR_Start	4	static
../Core/bsp/keyscan.c:208:6:LK_FlagClear	4	static
../Core/bsp/keyscan.c:231:9:is_NotUrgency	8	static
../Core/bsp/keyscan.c:278:6:Drive_REQ	16	static
../Core/bsp/keyscan.c:472:6:Lkey_Action	8	static
../Core/bsp/keyscan.c:526:6:Comm_Action	8	static
../Core/bsp/keyscan.c:568:6:Rkey_Action	64	static
../Core/bsp/keyscan.c:692:9:Key_IdentChk	16	static
../Core/bsp/keyscan.c:707:9:Comm_IdentChk	16	static
../Core/bsp/keyscan.c:734:9:RFR_IdentChk	16	static
../Core/bsp/keyscan.c:787:6:LKEY_Check	16	static
../Core/bsp/keyscan.c:876:6:RKEY_Check	16	static
../Core/bsp/keyscan.c:947:9:isAutoCondition	4	static
../Core/bsp/keyscan.c:956:6:SMART_check	16	static
../Core/bsp/keyscan.c:973:6:LKAUTO_CHKSeq	8	static
../Core/bsp/keyscan.c:1096:6:RFR_MainCheck	8	static
../Core/bsp/keyscan.c:1174:6:User_Interface	8	static
