../Core/bsp/task.c:41:6:init_set_read	16	static
../Core/bsp/task.c:83:6:init_set_save	16	static
../Core/bsp/task.c:102:6:can1_Trans8b	24	static
../Core/bsp/task.c:175:6:Event_30ms	8	static
../Core/bsp/task.c:199:6:Event_10ms	4	static
../Core/bsp/task.c:204:6:Event_200ms	8	static
../Core/bsp/task.c:234:6:Event_500ms	4	static
../Core/bsp/task.c:244:6:Timer_Event	8	static
../Core/bsp/task.c:252:6:bsp_can_init	8	static
../Core/bsp/task.c:284:6:R_LED_On	8	static
../Core/bsp/task.c:288:6:R_LED_Off	8	static
../Core/bsp/task.c:292:6:R_LED_Toggle	8	static
../Core/bsp/task.c:296:6:G_LED_On	8	static
../Core/bsp/task.c:300:6:G_LED_Off	8	static
../Core/bsp/task.c:304:6:G_LED_Toggle	8	static
../Core/bsp/task.c:308:6:B_LED_On	8	static
../Core/bsp/task.c:312:6:B_LED_Off	8	static
../Core/bsp/task.c:316:6:B_LED_Toggle	8	static
../Core/bsp/task.c:320:6:bcon_On	16	static
../Core/bsp/task.c:340:6:bcon_Off	16	static
../Core/bsp/task.c:353:6:Battery_Check	24	static
../Core/bsp/task.c:425:6:Port_ReadACT	8	static
../Core/bsp/task.c:516:6:Bcon_Control	8	static
../Core/bsp/task.c:685:6:Bcon_Out	8	static
../Core/bsp/task.c:696:9:Real_AutoRunning	4	static
../Core/bsp/task.c:719:6:WLS_Check1	8	static
../Core/bsp/task.c:758:6:WLS_Check2	8	static
../Core/bsp/task.c:797:6:WL_CheckInit	8	static
../Core/bsp/task.c:804:6:WL_Check	8	static
../Core/bsp/task.c:867:6:Option_Check	8	static
../Core/bsp/task.c:927:6:INIT_Check	16	static
../Core/bsp/task.c:1025:9:NotEmpty_WL	4	static
../Core/bsp/task.c:1033:6:Var_Init	8	static
../Core/bsp/task.c:1086:6:init_set	4	static
