../Core/bsp/task.c:42:6:init_set_read	16	static
../Core/bsp/task.c:84:6:init_set_save	16	static
../Core/bsp/task.c:103:6:can1_Trans8b	32	static
../Core/bsp/task.c:195:6:Event_30ms	8	static
../Core/bsp/task.c:219:6:Event_10ms	4	static
../Core/bsp/task.c:224:6:Event_200ms	8	static
../Core/bsp/task.c:254:6:Event_500ms	4	static
../Core/bsp/task.c:264:6:Timer_Event	8	static
../Core/bsp/task.c:272:6:bsp_can_init	8	static
../Core/bsp/task.c:304:6:R_LED_On	8	static
../Core/bsp/task.c:308:6:R_LED_Off	8	static
../Core/bsp/task.c:312:6:R_LED_Toggle	8	static
../Core/bsp/task.c:316:6:G_LED_On	8	static
../Core/bsp/task.c:320:6:G_LED_Off	8	static
../Core/bsp/task.c:324:6:G_LED_Toggle	8	static
../Core/bsp/task.c:328:6:B_LED_On	8	static
../Core/bsp/task.c:332:6:B_LED_Off	8	static
../Core/bsp/task.c:336:6:B_LED_Toggle	8	static
../Core/bsp/task.c:340:6:bcon_On	16	static
../Core/bsp/task.c:360:6:bcon_Off	16	static
../Core/bsp/task.c:373:6:Battery_Check	24	static
../Core/bsp/task.c:445:6:Port_ReadACT	8	static
../Core/bsp/task.c:536:6:Bcon_Control	8	static
../Core/bsp/task.c:705:6:Bcon_Out	8	static
../Core/bsp/task.c:716:9:Real_AutoRunning	4	static
../Core/bsp/task.c:739:6:WLS_Check1	8	static
../Core/bsp/task.c:778:6:WLS_Check2	8	static
../Core/bsp/task.c:817:6:WL_CheckInit	8	static
../Core/bsp/task.c:824:6:WL_Check	8	static
../Core/bsp/task.c:887:6:Option_Check	8	static
../Core/bsp/task.c:947:6:INIT_Check	16	static
../Core/bsp/task.c:1045:9:NotEmpty_WL	4	static
../Core/bsp/task.c:1053:6:Var_Init	8	static
../Core/bsp/task.c:1106:6:init_set	4	static
